Component: ARM Compiler 5.06 update 6 (build 750) Tool: armlink [4d35ed]

==============================================================================

Section Cross References

    startup_stm32f103xb.o(STACK) refers (Special) to heapauxi.o(.text) for __use_two_region_memory
    startup_stm32f103xb.o(HEAP) refers (Special) to heapauxi.o(.text) for __use_two_region_memory
    startup_stm32f103xb.o(RESET) refers (Special) to heapauxi.o(.text) for __use_two_region_memory
    startup_stm32f103xb.o(RESET) refers to startup_stm32f103xb.o(STACK) for __initial_sp
    startup_stm32f103xb.o(RESET) refers to startup_stm32f103xb.o(.text) for Reset_Handler
    startup_stm32f103xb.o(RESET) refers to stm32f1xx_it.o(i.NMI_Handler) for NMI_Handler
    startup_stm32f103xb.o(RESET) refers to stm32f1xx_it.o(i.HardFault_Handler) for HardFault_Handler
    startup_stm32f103xb.o(RESET) refers to stm32f1xx_it.o(i.MemManage_Handler) for MemManage_Handler
    startup_stm32f103xb.o(RESET) refers to stm32f1xx_it.o(i.BusFault_Handler) for BusFault_Handler
    startup_stm32f103xb.o(RESET) refers to stm32f1xx_it.o(i.UsageFault_Handler) for UsageFault_Handler
    startup_stm32f103xb.o(RESET) refers to port.o(.emb_text) for SVC_Handler
    startup_stm32f103xb.o(RESET) refers to stm32f1xx_it.o(i.DebugMon_Handler) for DebugMon_Handler
    startup_stm32f103xb.o(RESET) refers to cmsis_os2.o(i.SysTick_Handler) for SysTick_Handler
    startup_stm32f103xb.o(RESET) refers to stm32f1xx_it.o(i.TIM1_UP_IRQHandler) for TIM1_UP_IRQHandler
    startup_stm32f103xb.o(.text) refers (Special) to heapauxi.o(.text) for __use_two_region_memory
    startup_stm32f103xb.o(.text) refers to system_stm32f1xx.o(i.SystemInit) for SystemInit
    startup_stm32f103xb.o(.text) refers to __main.o(!!!main) for __main
    startup_stm32f103xb.o(.text) refers to startup_stm32f103xb.o(HEAP) for Heap_Mem
    startup_stm32f103xb.o(.text) refers to startup_stm32f103xb.o(STACK) for Stack_Mem
    main.o(i.HAL_TIM_PeriodElapsedCallback) refers to stm32f1xx_hal.o(i.HAL_IncTick) for HAL_IncTick
    main.o(i.SystemClock_Config) refers to rt_memclr_w.o(.text) for __aeabi_memclr4
    main.o(i.SystemClock_Config) refers to stm32f1xx_hal_rcc.o(i.HAL_RCC_OscConfig) for HAL_RCC_OscConfig
    main.o(i.SystemClock_Config) refers to stm32f1xx_hal_rcc.o(i.HAL_RCC_ClockConfig) for HAL_RCC_ClockConfig
    main.o(i.SystemClock_Config) refers to stm32f1xx_hal_rcc_ex.o(i.HAL_RCCEx_PeriphCLKConfig) for HAL_RCCEx_PeriphCLKConfig
    main.o(i.main) refers to stm32f1xx_hal.o(i.HAL_Init) for HAL_Init
    main.o(i.main) refers to main.o(i.SystemClock_Config) for SystemClock_Config
    main.o(i.main) refers to gpio.o(i.MX_GPIO_Init) for MX_GPIO_Init
    main.o(i.main) refers to usart.o(i.MX_USART1_UART_Init) for MX_USART1_UART_Init
    main.o(i.main) refers to adc.o(i.MX_ADC1_Init) for MX_ADC1_Init
    main.o(i.main) refers to tim.o(i.MX_TIM2_Init) for MX_TIM2_Init
    main.o(i.main) refers to cmsis_os2.o(i.osKernelInitialize) for osKernelInitialize
    main.o(i.main) refers to freertos.o(i.MX_FREERTOS_Init) for MX_FREERTOS_Init
    main.o(i.main) refers to cmsis_os2.o(i.osKernelStart) for osKernelStart
    gpio.o(i.MX_GPIO_Init) refers to stm32f1xx_hal_gpio.o(i.HAL_GPIO_WritePin) for HAL_GPIO_WritePin
    gpio.o(i.MX_GPIO_Init) refers to stm32f1xx_hal_gpio.o(i.HAL_GPIO_Init) for HAL_GPIO_Init
    freertos.o(i.MX_FREERTOS_Init) refers to serial_hal.o(i.Serial_Init) for Serial_Init
    freertos.o(i.MX_FREERTOS_Init) refers to dht11_hal.o(i.DHT11_Init) for DHT11_Init
    freertos.o(i.MX_FREERTOS_Init) refers to oled_hal.o(i.OLED_Init) for OLED_Init
    freertos.o(i.MX_FREERTOS_Init) refers to oled_hal.o(i.OLED_Clear) for OLED_Clear
    freertos.o(i.MX_FREERTOS_Init) refers to rfid_task.o(i.RFID_Task_Init) for RFID_Task_Init
    freertos.o(i.MX_FREERTOS_Init) refers to dht11_task.o(i.DHT11_Task_Init) for DHT11_Task_Init
    freertos.o(i.MX_FREERTOS_Init) refers to mq135_task.o(i.MQ135_Task_Init) for MQ135_Task_Init
    freertos.o(i.MX_FREERTOS_Init) refers to stackmonitor_task.o(i.StackMonitor_Task_Init) for StackMonitor_Task_Init
    freertos.o(i.MX_FREERTOS_Init) refers to door_lock_task.o(i.DOOR_LOCK_Task_Init) for DOOR_LOCK_Task_Init
    freertos.o(i.MX_FREERTOS_Init) refers to health_status_task.o(i.Health_Status_Task_Init) for Health_Status_Task_Init
    freertos.o(i.MX_FREERTOS_Init) refers to cmsis_os2.o(i.osMutexNew) for osMutexNew
    freertos.o(i.MX_FREERTOS_Init) refers to cmsis_os2.o(i.osThreadNew) for osThreadNew
    freertos.o(i.MX_FREERTOS_Init) refers to freertos.o(.data) for .data
    freertos.o(i.MX_FREERTOS_Init) refers to freertos.o(.constdata) for .constdata
    freertos.o(i.MX_FREERTOS_Init) refers to freertos.o(i.StartDefaultTask) for StartDefaultTask
    freertos.o(i.MX_FREERTOS_Init) refers to rfid_task.o(.constdata) for rfidTask_attributes
    freertos.o(i.MX_FREERTOS_Init) refers to rfid_task.o(i.StartRFIDTask) for StartRFIDTask
[...]
    HAL_MspInit                              0x08002ac1   Thumb Code    62  stm32f1xx_hal_msp.o(i.HAL_MspInit)
    HAL_NVIC_EnableIRQ                       0x08002b09   Thumb Code    26  stm32f1xx_hal_cortex.o(i.HAL_NVIC_EnableIRQ)
    HAL_NVIC_SetPriority                     0x08002b25   Thumb Code    60  stm32f1xx_hal_cortex.o(i.HAL_NVIC_SetPriority)
    HAL_NVIC_SetPriorityGrouping             0x08002b65   Thumb Code    26  stm32f1xx_hal_cortex.o(i.HAL_NVIC_SetPriorityGrouping)
    HAL_RCCEx_GetPeriphCLKFreq               0x08002b89   Thumb Code   148  stm32f1xx_hal_rcc_ex.o(i.HAL_RCCEx_GetPeriphCLKFreq)
    HAL_RCCEx_PeriphCLKConfig                0x08002c2d   Thumb Code   224  stm32f1xx_hal_rcc_ex.o(i.HAL_RCCEx_PeriphCLKConfig)
    HAL_RCC_ClockConfig                      0x08002d19   Thumb Code   280  stm32f1xx_hal_rcc.o(i.HAL_RCC_ClockConfig)
    HAL_RCC_GetClockConfig                   0x08002e45   Thumb Code    54  stm32f1xx_hal_rcc.o(i.HAL_RCC_GetClockConfig)
    HAL_RCC_GetPCLK1Freq                     0x08002e85   Thumb Code    20  stm32f1xx_hal_rcc.o(i.HAL_RCC_GetPCLK1Freq)
    HAL_RCC_GetPCLK2Freq                     0x08002ea5   Thumb Code    20  stm32f1xx_hal_rcc.o(i.HAL_RCC_GetPCLK2Freq)
    HAL_RCC_GetSysClockFreq                  0x08002ec5   Thumb Code    58  stm32f1xx_hal_rcc.o(i.HAL_RCC_GetSysClockFreq)
    HAL_RCC_OscConfig                        0x08002f11   Thumb Code   778  stm32f1xx_hal_rcc.o(i.HAL_RCC_OscConfig)
    HAL_TIMEx_BreakCallback                  0x08003231   Thumb Code     2  stm32f1xx_hal_tim_ex.o(i.HAL_TIMEx_BreakCallback)
    HAL_TIMEx_CommutCallback                 0x08003233   Thumb Code     2  stm32f1xx_hal_tim_ex.o(i.HAL_TIMEx_CommutCallback)
    HAL_TIMEx_MasterConfigSynchronization    0x08003235   Thumb Code    92  stm32f1xx_hal_tim_ex.o(i.HAL_TIMEx_MasterConfigSynchronization)
    HAL_TIM_Base_Init                        0x0800329d   Thumb Code    90  stm32f1xx_hal_tim.o(i.HAL_TIM_Base_Init)
    HAL_TIM_Base_MspInit                     0x080032f7   Thumb Code     2  stm32f1xx_hal_tim.o(i.HAL_TIM_Base_MspInit)
    HAL_TIM_Base_Start_IT                    0x080032f9   Thumb Code    76  stm32f1xx_hal_tim.o(i.HAL_TIM_Base_Start_IT)
    HAL_TIM_IC_CaptureCallback               0x08003351   Thumb Code     2  stm32f1xx_hal_tim.o(i.HAL_TIM_IC_CaptureCallback)
    HAL_TIM_IRQHandler                       0x08003353   Thumb Code   304  stm32f1xx_hal_tim.o(i.HAL_TIM_IRQHandler)
    HAL_TIM_MspPostInit                      0x08003485   Thumb Code    84  tim.o(i.HAL_TIM_MspPostInit)
    HAL_TIM_OC_DelayElapsedCallback          0x080034e5   Thumb Code     2  stm32f1xx_hal_tim.o(i.HAL_TIM_OC_DelayElapsedCallback)
    HAL_TIM_PWM_ConfigChannel                0x080034e7   Thumb Code   204  stm32f1xx_hal_tim.o(i.HAL_TIM_PWM_ConfigChannel)
    HAL_TIM_PWM_Init                         0x080035b3   Thumb Code    90  stm32f1xx_hal_tim.o(i.HAL_TIM_PWM_Init)
    HAL_TIM_PWM_MspInit                      0x0800360d   Thumb Code    30  tim.o(i.HAL_TIM_PWM_MspInit)
    HAL_TIM_PWM_PulseFinishedCallback        0x08003631   Thumb Code     2  stm32f1xx_hal_tim.o(i.HAL_TIM_PWM_PulseFinishedCallback)
    HAL_TIM_PWM_Start                        0x08003635   Thumb Code   144  stm32f1xx_hal_tim.o(i.HAL_TIM_PWM_Start)
    HAL_TIM_PeriodElapsedCallback            0x080036d1   Thumb Code    14  main.o(i.HAL_TIM_PeriodElapsedCallback)
    HAL_TIM_TriggerCallback                  0x080036e5   Thumb Code     2  stm32f1xx_hal_tim.o(i.HAL_TIM_TriggerCallback)
    HAL_UART_Init                            0x080036e7   Thumb Code   100  stm32f1xx_hal_uart.o(i.HAL_UART_Init)
    HAL_UART_MspInit                         0x0800374d   Thumb Code   100  usart.o(i.HAL_UART_MspInit)
    HAL_UART_Receive                         0x080037bd   Thumb Code   176  stm32f1xx_hal_uart.o(i.HAL_UART_Receive)
    HAL_UART_Transmit                        0x0800386d   Thumb Code   160  stm32f1xx_hal_uart.o(i.HAL_UART_Transmit)
    HardFault_Handler                        0x0800390d   Thumb Code     2  stm32f1xx_it.o(i.HardFault_Handler)
    Health_Status_Task                       0x08003911   Thumb Code   354  health_status_task.o(i.Health_Status_Task)
    Health_Status_Task_Init                  0x08003a81   Thumb Code   158  health_status_task.o(i.Health_Status_Task_Init)
    LightSensor_Get                          0x08003b39   Thumb Code    10  lightsensor_hal.o(i.LightSensor_Get)
    LightSensor_Init                         0x08003b49   Thumb Code     2  lightsensor_hal.o(i.LightSensor_Init)
    MFRC522_AntennaOn                        0x08003b4b   Thumb Code    26  mfrc522_hal.o(i.MFRC522_AntennaOn)
    MFRC522_Anticoll                         0x08003b65   Thumb Code   108  mfrc522_hal.o(i.MFRC522_Anticoll)
    MFRC522_Init                             0x08003bd1   Thumb Code   162  mfrc522_hal.o(i.MFRC522_Init)
    MFRC522_Request                          0x08003c7d   Thumb Code    82  mfrc522_hal.o(i.MFRC522_Request)
    MFRC522_Reset                            0x08003cd1   Thumb Code   156  mfrc522_hal.o(i.MFRC522_Reset)
    MFRC522_ToCard                           0x08003d71   Thumb Code   284  mfrc522_hal.o(i.MFRC522_ToCard)
    MQ135Task                                0x08003e8d   Thumb Code    46  mq135_task.o(i.MQ135Task)
    MQ135_Calibrate                          0x08003efd   Thumb Code   108  mq135_hal.o(i.MQ135_Calibrate)
    MQ135_GetPPM_CO2                         0x08003f81   Thumb Code   138  mq135_hal.o(i.MQ135_GetPPM_CO2)
    MQ135_GetResistance                      0x08004029   Thumb Code    58  mq135_hal.o(i.MQ135_GetResistance)
    MQ135_Init                               0x0800406d   Thumb Code     2  mq135_hal.o(i.MQ135_Init)
    MQ135_ReadRaw                            0x0800406f   Thumb Code    46  mq135_hal.o(i.MQ135_ReadRaw)
    MQ135_Task_Init                          0x0800409d   Thumb Code    14  mq135_task.o(i.MQ135_Task_Init)
    MX_ADC1_Init                             0x080040b1   Thumb Code    70  adc.o(i.MX_ADC1_Init)
    MX_FREERTOS_Init                         0x08004101   Thumb Code   102  freertos.o(i.MX_FREERTOS_Init)
    MX_GPIO_Init                             0x0800418d   Thumb Code   202  gpio.o(i.MX_GPIO_Init)
    MX_TIM2_Init                             0x08004269   Thumb Code   108  tim.o(i.MX_TIM2_Init)
    MX_USART1_UART_Init                      0x080042d9   Thumb Code    48  usart.o(i.MX_USART1_UART_Init)
    MemManage_Handler                        0x08004311   Thumb Code     2  stm32f1xx_it.o(i.MemManage_Handler)
    NMI_Handler                              0x08004313   Thumb Code     2  stm32f1xx_it.o(i.NMI_Handler)
    OLED_Clear                               0x08004315   Thumb Code    38  oled_hal.o(i.OLED_Clear)
    OLED_ClearRow                            0x0800433b   Thumb Code    30  oled_hal.o(i.OLED_ClearRow)
    OLED_I2C_Init                            0x08004359   Thumb Code    70  oled_hal.o(i.OLED_I2C_Init)
    OLED_I2C_SendByte                        0x080043a9   Thumb Code    86  oled_hal.o(i.OLED_I2C_SendByte)
    OLED_I2C_Start                           0x08004405   Thumb Code    52  oled_hal.o(i.OLED_I2C_Start)
    OLED_I2C_Stop                            0x0800443d   Thumb Code    42  oled_hal.o(i.OLED_I2C_Stop)
    OLED_Init                                0x0800446d   Thumb Code   172  oled_hal.o(i.OLED_Init)
    OLED_SetCursor                           0x08004519   Thumb Code    34  oled_hal.o(i.OLED_SetCursor)
    OLED_ShowChar                            0x0800453d   Thumb Code    98  oled_hal.o(i.OLED_ShowChar)
    OLED_ShowString                          0x080045a5   Thumb Code    38  oled_hal.o(i.OLED_ShowString)
    OLED_WriteCommand                        0x080045cb   Thumb Code    34  oled_hal.o(i.OLED_WriteCommand)
    OLED_WriteData                           0x080045ed   Thumb Code    34  oled_hal.o(i.OLED_WriteData)
    RFID_Task_Init                           0x08004611   Thumb Code    38  rfid_task.o(i.RFID_Task_Init)
    Read_DHT11                               0x080046c1   Thumb Code   260  dht11_hal.o(i.Read_DHT11)
    Read_MFRC522                             0x080047c9   Thumb Code   218  mfrc522_hal.o(i.Read_MFRC522)
    SG90_Init                                0x080048a9   Thumb Code     8  sg90_hal.o(i.SG90_Init)
    SG90_SetAngle                            0x080048b5   Thumb Code    34  sg90_hal.o(i.SG90_SetAngle)
    SendEnvDataAsJson                        0x080048dd   Thumb Code   292  dht11_task.o(i.SendEnvDataAsJson)
    Serial_Init                              0x08004aa9   Thumb Code     2  serial_hal.o(i.Serial_Init)
    Serial_Printf                            0x08004aab   Thumb Code    28  serial_hal.o(i.Serial_Printf)
    Serial_ReceiveByteNonBlocking            0x08004ac9   Thumb Code    24  serial_hal.o(i.Serial_ReceiveByteNonBlocking)
    Serial_SendByte                          0x08004ae5   Thumb Code    18  serial_hal.o(i.Serial_SendByte)
    Serial_SendString                        0x08004afd   Thumb Code    24  serial_hal.o(i.Serial_SendString)
    SetBitMask                               0x08004b15   Thumb Code    24  mfrc522_hal.o(i.SetBitMask)
    StackMonitor_Task_Init                   0x08004b2d   Thumb Code    18  stackmonitor_task.o(i.StackMonitor_Task_Init)
    StartDefaultTask                         0x08004b4d   Thumb Code    12  freertos.o(i.StartDefaultTask)
    StartRFIDTask                            0x08004b59   Thumb Code   280  rfid_task.o(i.StartRFIDTask)
    StartStackMonitorTask                    0x08004ccd   Thumb Code   162  stackmonitor_task.o(i.StartStackMonitorTask)
    SysTick_Handler                          0x08004e3d   Thumb Code    26  cmsis_os2.o(i.SysTick_Handler)
    SystemClock_Config                       0x08004e57   Thumb Code   120  main.o(i.SystemClock_Config)
    SystemInit                               0x08004ecf   Thumb Code     2  system_stm32f1xx.o(i.SystemInit)
    TIM1_UP_IRQHandler                       0x08004ed1   Thumb Code     6  stm32f1xx_it.o(i.TIM1_UP_IRQHandler)
    TIM_Base_SetConfig                       0x08004edd   Thumb Code   108  stm32f1xx_hal_tim.o(i.TIM_Base_SetConfig)
    TIM_CCxChannelCmd                        0x08004f55   Thumb Code    26  stm32f1xx_hal_tim.o(i.TIM_CCxChannelCmd)
    TIM_OC2_SetConfig                        0x08004fc1   Thumb Code    84  stm32f1xx_hal_tim.o(i.TIM_OC2_SetConfig)
    UsageFault_Handler                       0x0800522f   Thumb Code     2  stm32f1xx_it.o(i.UsageFault_Handler)
    Write_MFRC522                            0x08005231   Thumb Code   212  mfrc522_hal.o(i.Write_MFRC522)
    __ARM_fpclassify                         0x08005309   Thumb Code    40  fpclassify.o(i.__ARM_fpclassify)
    __kernel_poly                            0x08005351   Thumb Code   170  poly.o(i.__kernel_poly)
    __mathlib_dbl_divzero                    0x080053fd   Thumb Code    12  dunder.o(i.__mathlib_dbl_divzero)
    __mathlib_dbl_infnan2                    0x0800540d   Thumb Code     4  dunder.o(i.__mathlib_dbl_infnan2)
    __mathlib_dbl_invalid                    0x08005411   Thumb Code    12  dunder.o(i.__mathlib_dbl_invalid)
    __mathlib_dbl_overflow                   0x0800541d   Thumb Code    14  dunder.o(i.__mathlib_dbl_overflow)
    __mathlib_dbl_underflow                  0x0800542d   Thumb Code    10  dunder.o(i.__mathlib_dbl_underflow)
    _is_digit                                0x0800543d   Thumb Code    14  __printf_wp.o(i._is_digit)
    eTaskGetState                            0x0800544d   Thumb Code   106  tasks.o(i.eTaskGetState)
    main                                     0x080054c1   Thumb Code    72  main.o(i.main)
    osDelay                                  0x08005511   Thumb Code    26  cmsis_os2.o(i.osDelay)
    osKernelGetTickCount                     0x0800552b   Thumb Code    14  cmsis_os2.o(i.osKernelGetTickCount)
    osKernelInitialize                       0x08005539   Thumb Code    32  cmsis_os2.o(i.osKernelInitialize)
    osKernelStart                            0x0800555d   Thumb Code    48  cmsis_os2.o(i.osKernelStart)
    osMutexAcquire                           0x08005595   Thumb Code    82  cmsis_os2.o(i.osMutexAcquire)
    osMutexNew                               0x080055e7   Thumb Code   104  cmsis_os2.o(i.osMutexNew)
    osMutexRelease                           0x0800564f   Thumb Code    66  cmsis_os2.o(i.osMutexRelease)
    osThreadNew                              0x08005691   Thumb Code   138  cmsis_os2.o(i.osThreadNew)
    pow                                      0x0800571d   Thumb Code  2512  pow.o(i.pow)
    pvPortMalloc                             0x0800690d   Thumb Code   216  heap_4.o(i.pvPortMalloc)
    pvTaskIncrementMutexHeldCount            0x080069e9   Thumb Code    18  tasks.o(i.pvTaskIncrementMutexHeldCount)
    pxPortInitialiseStack                    0x08006a01   Thumb Code    32  port.o(i.pxPortInitialiseStack)
    sqrt                                     0x08006a25   Thumb Code    76  sqrt.o(i.sqrt)
    uxListRemove                             0x08006a71   Thumb Code    38  list.o(i.uxListRemove)
    uxTaskGetSystemState                     0x08006a99   Thumb Code   158  tasks.o(i.uxTaskGetSystemState)
    vApplicationGetIdleTaskMemory            0x08006b45   Thumb Code    16  cmsis_os2.o(i.vApplicationGetIdleTaskMemory)
    vApplicationGetTimerTaskMemory           0x08006b59   Thumb Code    18  cmsis_os2.o(i.vApplicationGetTimerTaskMemory)
    vListInitialise                          0x08006b71   Thumb Code    22  list.o(i.vListInitialise)
    vListInitialiseItem                      0x08006b87   Thumb Code     6  list.o(i.vListInitialiseItem)
    vListInsert                              0x08006b8d   Thumb Code    48  list.o(i.vListInsert)
    vListInsertEnd                           0x08006bbd   Thumb Code    24  list.o(i.vListInsertEnd)
    vPortEnterCritical                       0x08006bd5   Thumb Code    54  port.o(i.vPortEnterCritical)
    vPortExitCritical                        0x08006c15   Thumb Code    34  port.o(i.vPortExitCritical)
    vPortFree                                0x08006c3d   Thumb Code    94  heap_4.o(i.vPortFree)
    vPortSetupTimerInterrupt                 0x08006ca1   Thumb Code    32  port.o(i.vPortSetupTimerInterrupt)
    vPortValidateInterruptPriority           0x08006cc5   Thumb Code    74  port.o(i.vPortValidateInterruptPriority)
    vQueueAddToRegistry                      0x08006d19   Thumb Code    34  queue.o(i.vQueueAddToRegistry)
    vQueueWaitForMessageRestricted           0x08006d41   Thumb Code    68  queue.o(i.vQueueWaitForMessageRestricted)
    vTaskDelay                               0x08006d85   Thumb Code    66  tasks.o(i.vTaskDelay)
    vTaskGetInfo                             0x08006dd1   Thumb Code   112  tasks.o(i.vTaskGetInfo)
    vTaskInternalSetTimeOutState             0x08006e45   Thumb Code    12  tasks.o(i.vTaskInternalSetTimeOutState)
    vTaskMissedYield                         0x08006e55   Thumb Code     8  tasks.o(i.vTaskMissedYield)
    vTaskPlaceOnEventList                    0x08006e61   Thumb Code    44  tasks.o(i.vTaskPlaceOnEventList)
    vTaskPlaceOnEventListRestricted          0x08006e91   Thumb Code    52  tasks.o(i.vTaskPlaceOnEventListRestricted)
    vTaskPriorityDisinheritAfterTimeout      0x08006ec9   Thumb Code   134  tasks.o(i.vTaskPriorityDisinheritAfterTimeout)
    vTaskStartScheduler                      0x08006f59   Thumb Code   118  tasks.o(i.vTaskStartScheduler)
    vTaskSuspendAll                          0x08006fe1   Thumb Code    10  tasks.o(i.vTaskSuspendAll)
    vTaskSwitchContext                       0x08006ff1   Thumb Code    90  tasks.o(i.vTaskSwitchContext)
    xPortGetFreeHeapSize                     0x08007055   Thumb Code     6  heap_4.o(i.xPortGetFreeHeapSize)
    xPortGetMinimumEverFreeHeapSize          0x08007061   Thumb Code     6  heap_4.o(i.xPortGetMinimumEverFreeHeapSize)
    xPortStartScheduler                      0x0800706d   Thumb Code   154  port.o(i.xPortStartScheduler)
    xPortSysTickHandler                      0x08007115   Thumb Code    38  port.o(i.xPortSysTickHandler)
    xQueueCreateMutex                        0x08007141   Thumb Code    22  queue.o(i.xQueueCreateMutex)
    xQueueCreateMutexStatic                  0x08007157   Thumb Code    26  queue.o(i.xQueueCreateMutexStatic)
    xQueueGenericCreate                      0x08007171   Thumb Code    66  queue.o(i.xQueueGenericCreate)
    xQueueGenericCreateStatic                0x080071b3   Thumb Code   102  queue.o(i.xQueueGenericCreateStatic)
    xQueueGenericReset                       0x08007219   Thumb Code   132  queue.o(i.xQueueGenericReset)
    xQueueGenericSend                        0x080072a1   Thumb Code   346  queue.o(i.xQueueGenericSend)
    xQueueGenericSendFromISR                 0x08007401   Thumb Code   190  queue.o(i.xQueueGenericSendFromISR)
    xQueueGiveMutexRecursive                 0x080074bf   Thumb Code    62  queue.o(i.xQueueGiveMutexRecursive)
    xQueueReceive                            0x080074fd   Thumb Code   308  queue.o(i.xQueueReceive)
    xQueueSemaphoreTake                      0x08007635   Thumb Code   372  queue.o(i.xQueueSemaphoreTake)
    xQueueTakeMutexRecursive                 0x080077ad   Thumb Code    64  queue.o(i.xQueueTakeMutexRecursive)
    xTaskCheckForTimeOut                     0x080077ed   Thumb Code   112  tasks.o(i.xTaskCheckForTimeOut)
    xTaskCreate                              0x08007861   Thumb Code    90  tasks.o(i.xTaskCreate)
    xTaskCreateStatic                        0x080078bb   Thumb Code    86  tasks.o(i.xTaskCreateStatic)
    xTaskGetCurrentTaskHandle                0x08007911   Thumb Code     6  tasks.o(i.xTaskGetCurrentTaskHandle)
    xTaskGetSchedulerState                   0x0800791d   Thumb Code    22  tasks.o(i.xTaskGetSchedulerState)
    xTaskGetTickCount                        0x08007939   Thumb Code     6  tasks.o(i.xTaskGetTickCount)
    xTaskGetTickCountFromISR                 0x08007945   Thumb Code    12  tasks.o(i.xTaskGetTickCountFromISR)
    xTaskIncrementTick                       0x08007955   Thumb Code   192  tasks.o(i.xTaskIncrementTick)
    xTaskPriorityDisinherit                  0x08007a1d   Thumb Code   118  tasks.o(i.xTaskPriorityDisinherit)
    xTaskPriorityInherit                     0x08007a9d   Thumb Code   112  tasks.o(i.xTaskPriorityInherit)
    xTaskRemoveFromEventList                 0x08007b15   Thumb Code    98  tasks.o(i.xTaskRemoveFromEventList)
    xTaskResumeAll                           0x08007b85   Thumb Code   182  tasks.o(i.xTaskResumeAll)
    xTimerCreateTimerTask                    0x08007c49   Thumb Code    78  timers.o(i.xTimerCreateTimerTask)
    xTimerGenericCommand                     0x08007ca9   Thumb Code    98  timers.o(i.xTimerGenericCommand)
    _get_lc_numeric                          0x08007d11   Thumb Code    44  lc_numeric_c.o(locale$$code)
    _get_lc_ctype                            0x08007d3d   Thumb Code    44  lc_ctype_c.o(locale$$code)
    __aeabi_d2f                              0x08007d69   Thumb Code     0  d2f.o(x$fpl$d2f)
    _d2f                                     0x08007d69   Thumb Code    98  d2f.o(x$fpl$d2f)
    __aeabi_dadd                             0x08007dcd   Thumb Code     0  daddsub_clz.o(x$fpl$dadd)
    _dadd                                    0x08007dcd   Thumb Code   332  daddsub_clz.o(x$fpl$dadd)
    __fpl_dcheck_NaN1                        0x08007f1d   Thumb Code    10  dcheck1.o(x$fpl$dcheck1)
    __fpl_dcmp_Inf                           0x08007f2d   Thumb Code    24  dcmpi.o(x$fpl$dcmpinf)
    __aeabi_ddiv                             0x08007f45   Thumb Code     0  ddiv.o(x$fpl$ddiv)
    _ddiv                                    0x08007f45   Thumb Code   552  ddiv.o(x$fpl$ddiv)
    __aeabi_i2d                              0x080081f5   Thumb Code     0  dflt_clz.o(x$fpl$dflt)
    _dflt                                    0x080081f5   Thumb Code    46  dflt_clz.o(x$fpl$dflt)
    __aeabi_ui2d                             0x08008223   Thumb Code     0  dflt_clz.o(x$fpl$dfltu)
    _dfltu                                   0x08008223   Thumb Code    38  dflt_clz.o(x$fpl$dfltu)
    __aeabi_cdcmple                          0x08008249   Thumb Code     0  dleqf.o(x$fpl$dleqf)
    _dcmple                                  0x08008249   Thumb Code   120  dleqf.o(x$fpl$dleqf)
    __fpl_dcmple_InfNaN                      0x080082ab   Thumb Code     0  dleqf.o(x$fpl$dleqf)
    __aeabi_dmul                             0x080082c1   Thumb Code     0  dmul.o(x$fpl$dmul)
    _dmul                                    0x080082c1   Thumb Code   332  dmul.o(x$fpl$dmul)
    __fpl_dnaninf                            0x08008415   Thumb Code   156  dnaninf.o(x$fpl$dnaninf)
    __fpl_dretinf                            0x080084b1   Thumb Code    12  dretinf.o(x$fpl$dretinf)
    __aeabi_cdrcmple                         0x080084bd   Thumb Code     0  drleqf.o(x$fpl$drleqf)
    _drcmple                                 0x080084bd   Thumb Code   108  drleqf.o(x$fpl$drleqf)
    __aeabi_drsub                            0x08008529   Thumb Code     0  daddsub_clz.o(x$fpl$drsb)
    _drsb                                    0x08008529   Thumb Code    22  daddsub_clz.o(x$fpl$drsb)
    _dsqrt                                   0x08008541   Thumb Code   456  dsqrt_noumaal.o(x$fpl$dsqrt)
    __aeabi_dsub                             0x0800870d   Thumb Code     0  daddsub_clz.o(x$fpl$dsub)
    _dsub                                    0x0800870d   Thumb Code   464  daddsub_clz.o(x$fpl$dsub)
    __aeabi_f2d                              0x080088e1   Thumb Code     0  f2d.o(x$fpl$f2d)
    _f2d                                     0x080088e1   Thumb Code    86  f2d.o(x$fpl$f2d)
    __aeabi_fadd                             0x08008939   Thumb Code     0  faddsub_clz.o(x$fpl$fadd)
    _fadd                                    0x08008939   Thumb Code   196  faddsub_clz.o(x$fpl$fadd)
    __fpl_fcheck_NaN1                        0x080089fd   Thumb Code     6  fcheck1.o(x$fpl$fcheck1)
    __aeabi_fdiv                             0x08008a09   Thumb Code     0  fdiv.o(x$fpl$fdiv)
    _fdiv                                    0x08008a09   Thumb Code   384  fdiv.o(x$fpl$fdiv)
    __aeabi_ui2f                             0x08008b8d   Thumb Code     0  fflt_clz.o(x$fpl$ffltu)
    _ffltu                                   0x08008b8d   Thumb Code    38  fflt_clz.o(x$fpl$ffltu)
    __aeabi_fmul                             0x08008bb5   Thumb Code     0  fmul.o(x$fpl$fmul)
    _fmul                                    0x08008bb5   Thumb Code   258  fmul.o(x$fpl$fmul)
    __fpl_fnaninf                            0x08008cb7   Thumb Code   140  fnaninf.o(x$fpl$fnaninf)
    __fpl_fretinf                            0x08008d43   Thumb Code    10  fretinf.o(x$fpl$fretinf)
    __aeabi_fsub                             0x08008d4d   Thumb Code     0  faddsub_clz.o(x$fpl$fsub)
    _fsub                                    0x08008d4d   Thumb Code   234  faddsub_clz.o(x$fpl$fsub)
    _printf_fp_dec                           0x08008e37   Thumb Code     4  printf1.o(x$fpl$printf1)
    _printf_fp_hex                           0x08008e3b   Thumb Code     4  printf2.o(x$fpl$printf2)
    __fpl_return_NaN                         0x08008e3f   Thumb Code   100  retnan.o(x$fpl$retnan)
    __ARM_scalbn                             0x08008ea3   Thumb Code    92  scalbn.o(x$fpl$scalbn)
    __ARM_scalbnf                            0x08008eff   Thumb Code    76  scalbnf.o(x$fpl$scalbnf)
    __fpl_cmpreturn                          0x08008f4b   Thumb Code    48  trapv.o(x$fpl$trapveneer)
    __I$use$fp                               0x08008f7a   Number         0  usenofp.o(x$fpl$usenofp)
    defaultTask_attributes                   0x08008f7c   Data          36  freertos.o(.constdata)
    AHBPrescTable                            0x08008fc4   Data          16  system_stm32f1xx.o(.constdata)
    APBPrescTable                            0x08008fd4   Data           8  system_stm32f1xx.o(.constdata)
    OLED_F8x16                               0x08008fdc   Data        1520  oled_hal.o(.constdata)
    rfidTask_attributes                      0x080095f0   Data          36  rfid_task.o(.constdata)
    MQ135Task_attributes                     0x08009614   Data          36  mq135_task.o(.constdata)
    stackMonitorTask_attributes              0x08009638   Data          36  stackmonitor_task.o(.constdata)
    healthStatusTask_attributes              0x08009680   Data          36  health_status_task.o(.constdata)
    __mathlib_zero                           0x08009770   Data           8  qnan.o(.constdata)
    Region$$Table$$Base                      0x0800989c   Number         0  anon$$obj.o(Region$$Table)
    Region$$Table$$Limit                     0x080098bc   Number         0  anon$$obj.o(Region$$Table)
    __ctype                                  0x080098e5   Data           0  lc_ctype_c.o(locale$$data)
    oledMutexHandle                          0x20000000   Data           4  freertos.o(.data)
    co2MutexHandle                           0x20000004   Data           4  freertos.o(.data)
    defaultTaskHandle                        0x20000008   Data           4  freertos.o(.data)
    uwTickFreq                               0x2000000c   Data           1  stm32f1xx_hal.o(.data)
    uwTickPrio                               0x20000010   Data           4  stm32f1xx_hal.o(.data)
    uwTick                                   0x20000014   Data           4  stm32f1xx_hal.o(.data)
    SystemCoreClock                          0x20000018   Data           4  system_stm32f1xx.o(.data)
    pxCurrentTCB                             0x2000001c   Data           4  tasks.o(.data)
    MQ135_Ro                                 0x200000a0   Data           4  mq135_hal.o(.data)
    DHT11TaskHandle                          0x200000a4   Data           4  dht11_task.o(.data)
    cardDetected                             0x200000a8   Data           1  rfid_task.o(.data)
    lastCardTime                             0x200000ac   Data           4  rfid_task.o(.data)
    rfidTaskHandle                           0x200000b4   Data           4  rfid_task.o(.data)
    g_co2_value                              0x200000bc   Data           4  mq135_task.o(.data)
    MQ135TaskHandle                          0x200000c0   Data           4  mq135_task.o(.data)
    stackMonitorTaskHandle                   0x200000c4   Data           4  stackmonitor_task.o(.data)
    DoorLockTaskHandle                       0x200000cc   Data           4  door_lock_task.o(.data)
    healthStatusTaskHandle                   0x200000d4   Data           4  health_status_task.o(.data)
    hadc1                                    0x200000d8   Data          48  adc.o(.bss)
    htim2                                    0x20000108   Data          72  tim.o(.bss)
    huart1                                   0x20000150   Data          72  usart.o(.bss)
    htim1                                    0x20000198   Data          72  stm32f1xx_hal_timebase_tim.o(.bss)
    xQueueRegistry                           0x200001e0   Data          64  queue.o(.bss)
    rfidData                                 0x20002eb4   Data          63  rfid_task.o(.bss)
    __libspace_start                         0x2000305c   Data          96  libspace.o(.bss)
    __temporary_stack_top$libspace           0x200030bc   Data           0  libspace.o(.bss)



==============================================================================

Memory Map of the image

  Image Entry point : 0x080000ed

  Load Region LR_IROM1 (Base: 0x08000000, Size: 0x00009ac0, Max: 0x00010000, ABSOLUTE)

    Execution Region ER_IROM1 (Exec base: 0x08000000, Load base: 0x08000000, Size: 0x000099e8, Max: 0x00010000, ABSOLUTE)

    Exec Addr    Load Addr    Size         Type   Attr      Idx    E Section Name        Object

    0x08000000   0x08000000   0x000000ec   Data   RO            3    RESET               startup_stm32f103xb.o
    0x080000ec   0x080000ec   0x00000008   Code   RO         5892  * !!!main             c_w.l(__main.o)
    0x080000f4   0x080000f4   0x00000034   Code   RO         6270    !!!scatter          c_w.l(__scatter.o)
    0x08000128   0x08000128   0x0000001a   Code   RO         6272    !!handler_copy      c_w.l(__scatter_copy.o)
    0x08000142   0x08000142   0x00000002   PAD
    0x08000144   0x08000144   0x0000001c   Code   RO         6274    !!handler_zi        c_w.l(__scatter_zi.o)
    0x08000160   0x08000160   0x00000000   Code   RO         5877    .ARM.Collect$$_printf_percent$$00000000  c_w.l(_printf_percent.o)
    0x08000160   0x08000160   0x00000006   Code   RO         5979    .ARM.Collect$$_printf_percent$$00000001  c_w.l(_printf_n.o)
    0x08000166   0x08000166   0x00000006   Code   RO         5980    .ARM.Collect$$_printf_percent$$00000002  c_w.l(_printf_p.o)
    0x0800016c   0x0800016c   0x00000006   Code   RO         5876    .ARM.Collect$$_printf_percent$$00000003  c_w.l(_printf_f.o)
    0x08000172   0x08000172   0x00000006   Code   RO         5983    .ARM.Collect$$_printf_percent$$00000004  c_w.l(_printf_e.o)
    0x08000178   0x08000178   0x00000006   Code   RO         5984    .ARM.Collect$$_printf_percent$$00000005  c_w.l(_printf_g.o)
    0x0800017e   0x0800017e   0x00000006   Code   RO         5985    .ARM.Collect$$_printf_percent$$00000006  c_w.l(_printf_a.o)
    0x08000184   0x08000184   0x0000000a   Code   RO         5990    .ARM.Collect$$_printf_percent$$00000007  c_w.l(_printf_ll.o)
    0x0800018e   0x0800018e   0x00000006   Code   RO         5982    .ARM.Collect$$_printf_percent$$00000008  c_w.l(_printf_i.o)
    0x08000194   0x08000194   0x00000006   Code   RO         5874    .ARM.Collect$$_printf_percent$$00000009  c_w.l(_printf_d.o)
    0x0800019a   0x0800019a   0x00000006   Code   RO         5875    .ARM.Collect$$_printf_percent$$0000000A  c_w.l(_printf_u.o)
    0x080001a0   0x080001a0   0x00000006   Code   RO         5981    .ARM.Collect$$_printf_percent$$0000000B  c_w.l(_printf_o.o)
    0x080001a6   0x080001a6   0x00000006   Code   RO         5873    .ARM.Collect$$_printf_percent$$0000000C  c_w.l(_printf_x.o)
    0x080001ac   0x080001ac   0x00000006   Code   RO         5987    .ARM.Collect$$_printf_percent$$0000000D  c_w.l(_printf_lli.o)
    0x080001b2   0x080001b2   0x00000006   Code   RO         5988    .ARM.Collect$$_printf_percent$$0000000E  c_w.l(_printf_lld.o)
    0x080001b8   0x080001b8   0x00000006   Code   RO         5989    .ARM.Collect$$_printf_percent$$0000000F  c_w.l(_printf_llu.o)
    0x080001be   0x080001be   0x00000006   Code   RO         5994    .ARM.Collect$$_printf_percent$$00000010  c_w.l(_printf_llo.o)
    0x080001c4   0x080001c4   0x00000006   Code   RO         5995    .ARM.Collect$$_printf_percent$$00000011  c_w.l(_printf_llx.o)
    0x080001ca   0x080001ca   0x0000000a   Code   RO         5991    .ARM.Collect$$_printf_percent$$00000012  c_w.l(_printf_l.o)
    0x080001d4   0x080001d4   0x00000006   Code   RO         5978    .ARM.Collect$$_printf_percent$$00000013  c_w.l(_printf_c.o)
    0x080001da   0x080001da   0x00000006   Code   RO         5872    .ARM.Collect$$_printf_percent$$00000014  c_w.l(_printf_s.o)
    0x080001e0   0x080001e0   0x00000006   Code   RO         5992    .ARM.Collect$$_printf_percent$$00000015  c_w.l(_printf_lc.o)
    0x080001e6   0x080001e6   0x00000006   Code   RO         5993    .ARM.Collect$$_printf_percent$$00000016  c_w.l(_printf_ls.o)
    0x080001ec   0x080001ec   0x00000004   Code   RO         5986    .ARM.Collect$$_printf_percent$$00000017  c_w.l(_printf_percent_end.o)
    0x080001f0   0x080001f0   0x00000002   Code   RO         6136    .ARM.Collect$$libinit$$00000000  c_w.l(libinit.o)
    0x080001f2   0x080001f2   0x00000000   Code   RO         6138    .ARM.Collect$$libinit$$00000002  c_w.l(libinit2.o)
    0x080001f2   0x080001f2   0x00000000   Code   RO         6140    .ARM.Collect$$libinit$$00000004  c_w.l(libinit2.o)
    0x080001f2   0x080001f2   0x00000000   Code   RO         6143    .ARM.Collect$$libinit$$0000000A  c_w.l(libinit2.o)
    0x080001f2   0x080001f2   0x00000000   Code   RO         6145    .ARM.Collect$$libinit$$0000000C  c_w.l(libinit2.o)
    0x080001f2   0x080001f2   0x00000000   Code   RO         6147    .ARM.Collect$$libinit$$0000000E  c_w.l(libinit2.o)
    0x080001f2   0x080001f2   0x00000006   Code   RO         6148    .ARM.Collect$$libinit$$0000000F  c_w.l(libinit2.o)
    0x080001f8   0x080001f8   0x00000000   Code   RO         6150    .ARM.Collect$$libinit$$00000011  c_w.l(libinit2.o)
    0x080001f8   0x080001f8   0x0000000c   Code   RO         6151    .ARM.Collect$$libinit$$00000012  c_w.l(libinit2.o)
    0x08000204   0x08000204   0x00000000   Code   RO         6152    .ARM.Collect$$libinit$$00000013  c_w.l(libinit2.o)
    0x08000204   0x08000204   0x00000000   Code   RO         6154    .ARM.Collect$$libinit$$00000015  c_w.l(libinit2.o)
    0x08000204   0x08000204   0x0000000a   Code   RO         6155    .ARM.Collect$$libinit$$00000016  c_w.l(libinit2.o)
    0x0800020e   0x0800020e   0x00000000   Code   RO         6156    .ARM.Collect$$libinit$$00000017  c_w.l(libinit2.o)
    0x0800020e   0x0800020e   0x00000000   Code   RO         6158    .ARM.Collect$$libinit$$00000019  c_w.l(libinit2.o)
    0x0800020e   0x0800020e   0x00000000   Code   RO         6160    .ARM.Collect$$libinit$$0000001B  c_w.l(libinit2.o)
    0x0800020e   0x0800020e   0x00000000   Code   RO         6162    .ARM.Collect$$libinit$$0000001D  c_w.l(libinit2.o)
    0x0800020e   0x0800020e   0x00000000   Code   RO         6164    .ARM.Collect$$libinit$$0000001F  c_w.l(libinit2.o)
    0x0800020e   0x0800020e   0x00000000   Code   RO         6166    .ARM.Collect$$libinit$$00000021  c_w.l(libinit2.o)
    0x0800020e   0x0800020e   0x00000000   Code   RO         6168    .ARM.Collect$$libinit$$00000023  c_w.l(libinit2.o)
    0x0800020e   0x0800020e   0x00000000   Code   RO         6170    .ARM.Collect$$libinit$$00000025  c_w.l(libinit2.o)
    0x0800020e   0x0800020e   0x00000000   Code   RO         6174    .ARM.Collect$$libinit$$0000002C  c_w.l(libinit2.o)
    0x0800020e   0x0800020e   0x00000000   Code   RO         6176    .ARM.Collect$$libinit$$0000002E  c_w.l(libinit2.o)
    0x0800020e   0x0800020e   0x00000000   Code   RO         6178    .ARM.Collect$$libinit$$00000030  c_w.l(libinit2.o)
    0x0800020e   0x0800020e   0x00000000   Code   RO         6180    .ARM.Collect$$libinit$$00000032  c_w.l(libinit2.o)
    0x0800020e   0x0800020e   0x00000002   Code   RO         6181    .ARM.Collect$$libinit$$00000033  c_w.l(libinit2.o)
    0x08000210   0x08000210   0x00000002   Code   RO         6218    .ARM.Collect$$libshutdown$$00000000  c_w.l(libshutdown.o)
    0x08000212   0x08000212   0x00000000   Code   RO         6229    .ARM.Collect$$libshutdown$$00000002  c_w.l(libshutdown2.o)
    0x08000212   0x08000212   0x00000000   Code   RO         6231    .ARM.Collect$$libshutdown$$00000004  c_w.l(libshutdown2.o)
    0x08000212   0x08000212   0x00000000   Code   RO         6234    .ARM.Collect$$libshutdown$$00000007  c_w.l(libshutdown2.o)
    0x08000212   0x08000212   0x00000000   Code   RO         6237    .ARM.Collect$$libshutdown$$0000000A  c_w.l(libshutdown2.o)
    0x08000212   0x08000212   0x00000000   Code   RO         6239    .ARM.Collect$$libshutdown$$0000000C  c_w.l(libshutdown2.o)
    0x08000212   0x08000212   0x00000000   Code   RO         6242    .ARM.Collect$$libshutdown$$0000000F  c_w.l(libshutdown2.o)
    0x08000212   0x08000212   0x00000002   Code   RO         6243    .ARM.Collect$$libshutdown$$00000010  c_w.l(libshutdown2.o)
    0x08000214   0x08000214   0x00000000   Code   RO         5948    .ARM.Collect$$rtentry$$00000000  c_w.l(__rtentry.o)
    0x08000214   0x08000214   0x00000000   Code   RO         6045    .ARM.Collect$$rtentry$$00000002  c_w.l(__rtentry2.o)
    0x08000214   0x08000214   0x00000006   Code   RO         6057    .ARM.Collect$$rtentry$$00000004  c_w.l(__rtentry4.o)
    0x0800021a   0x0800021a   0x00000000   Code   RO         6047    .ARM.Collect$$rtentry$$00000009  c_w.l(__rtentry2.o)
    0x0800021a   0x0800021a   0x00000004   Code   RO         6048    .ARM.Collect$$rtentry$$0000000A  c_w.l(__rtentry2.o)
    0x0800021e   0x0800021e   0x00000000   Code   RO         6050    .ARM.Collect$$rtentry$$0000000C  c_w.l(__rtentry2.o)
    0x0800021e   0x0800021e   0x00000008   Code   RO         6051    .ARM.Collect$$rtentry$$0000000D  c_w.l(__rtentry2.o)
    0x08000226   0x08000226   0x00000002   Code   RO         6186    .ARM.Collect$$rtexit$$00000000  c_w.l(rtexit.o)
    0x08000228   0x08000228   0x00000000   Code   RO         6196    .ARM.Collect$$rtexit$$00000002  c_w.l(rtexit2.o)
    0x08000228   0x08000228   0x00000004   Code   RO         6197    .ARM.Collect$$rtexit$$00000003  c_w.l(rtexit2.o)
    0x0800022c   0x0800022c   0x00000006   Code   RO         6198    .ARM.Collect$$rtexit$$00000004  c_w.l(rtexit2.o)
    0x08000232   0x08000232   0x00000002   PAD
    0x08000234   0x08000234   0x00000096   Code   RO         4903    .emb_text           port.o
    0x080002ca   0x080002ca   0x00000002   PAD
    0x080002cc   0x080002cc   0x00000040   Code   RO            4    .text               startup_stm32f103xb.o
    0x0800030c   0x0800030c   0x00000024   Code   RO         5813    .text               c_w.l(vsprintf.o)
    0x08000330   0x08000330   0x0000002c   Code   RO         5815    .text               c_w.l(__2sprintf.o)
    0x0800035c   0x0800035c   0x00000038   Code   RO         5817    .text               c_w.l(__2snprintf.o)
    0x08000394   0x08000394   0x0000004e   Code   RO         5825    .text               c_w.l(_printf_pad.o)
    0x080003e2   0x080003e2   0x00000052   Code   RO         5827    .text               c_w.l(_printf_str.o)
    0x08000434   0x08000434   0x00000078   Code   RO         5829    .text               c_w.l(_printf_dec.o)
    0x080004ac   0x080004ac   0x00000094   Code   RO         5849    .text               c_w.l(_printf_hex_int_ll_ptr.o)
    0x08000540   0x08000540   0x00000188   Code   RO         5869    .text               c_w.l(__printf_flags_ss_wp.o)
    0x080006c8   0x080006c8   0x0000008a   Code   RO         5878    .text               c_w.l(rt_memcpy_v6.o)
    0x08000752   0x08000752   0x00000064   Code   RO         5880    .text               c_w.l(rt_memcpy_w.o)
    0x080007b6   0x080007b6   0x00000010   Code   RO         5884    .text               c_w.l(aeabi_memset.o)
    0x080007c6   0x080007c6   0x00000044   Code   RO         5886    .text               c_w.l(rt_memclr.o)
    0x0800080a   0x0800080a   0x0000004e   Code   RO         5888    .text               c_w.l(rt_memclr_w.o)
    0x08000858   0x08000858   0x00000006   Code   RO         5890    .text               c_w.l(heapauxi.o)
    0x0800085e   0x0800085e   0x00000016   Code   RO         5949    .text               c_w.l(_rserrno.o)
    0x08000874   0x08000874   0x00000024   Code   RO         5951    .text               c_w.l(_printf_truncate.o)
    0x08000898   0x08000898   0x000000b2   Code   RO         5953    .text               c_w.l(_printf_intcommon.o)
    0x0800094a   0x0800094a   0x00000028   Code   RO         5955    .text               c_w.l(_printf_charcount.o)
    0x08000972   0x08000972   0x0000041e   Code   RO         5957    .text               c_w.l(_printf_fp_dec.o)
    0x08000d90   0x08000d90   0x00000030   Code   RO         5959    .text               c_w.l(_printf_char_common.o)
    0x08000dc0   0x08000dc0   0x0000000a   Code   RO         5961    .text               c_w.l(_sputc.o)
    0x08000dca   0x08000dca   0x00000010   Code   RO         5963    .text               c_w.l(_snputc.o)
    0x08000dda   0x08000dda   0x0000002c   Code   RO         5965    .text               c_w.l(_printf_char.o)
    0x08000e06   0x08000e06   0x00000002   PAD
    0x08000e08   0x08000e08   0x000000bc   Code   RO         5967    .text               c_w.l(_printf_wctomb.o)
    0x08000ec4   0x08000ec4   0x0000007c   Code   RO         5970    .text               c_w.l(_printf_longlong_dec.o)
    0x08000f40   0x08000f40   0x00000070   Code   RO         5976    .text               c_w.l(_printf_oct_int_ll.o)
    0x08000fb0   0x08000fb0   0x00000008   Code   RO         6062    .text               c_w.l(rt_locale_intlibspace.o)
    0x08000fb8   0x08000fb8   0x00000008   Code   RO         6067    .text               c_w.l(rt_errno_addr_intlibspace.o)
    0x08000fc0   0x08000fc0   0x0000008a   Code   RO         6069    .text               c_w.l(lludiv10.o)
    0x0800104a   0x0800104a   0x00000002   PAD
    0x0800104c   0x0800104c   0x000002fc   Code   RO         6071    .text               c_w.l(_printf_fp_hex.o)
    0x08001348   0x08001348   0x00000080   Code   RO         6074    .text               c_w.l(_printf_fp_infnan.o)
    0x080013c8   0x080013c8   0x0000002c   Code   RO         6078    .text               c_w.l(_printf_wchar.o)
    0x080013f4   0x080013f4   0x000000e4   Code   RO         6080    .text               c_w.l(bigflt0.o)
    0x080014d8   0x080014d8   0x00000040   Code   RO         6105    .text               c_w.l(_wcrtomb.o)
    0x08001518   0x08001518   0x00000008   Code   RO         6120    .text               c_w.l(libspace.o)
    0x08001520   0x08001520   0x0000004a   Code   RO         6123    .text               c_w.l(sys_stackheap_outer.o)
    0x0800156a   0x0800156a   0x00000002   PAD
    0x0800156c   0x0800156c   0x00000010   Code   RO         6125    .text               c_w.l(rt_ctype_table.o)
    0x0800157c   0x0800157c   0x00000012   Code   RO         6127    .text               c_w.l(exit.o)
    0x0800158e   0x0800158e   0x00000002   PAD
    0x08001590   0x08001590   0x00000080   Code   RO         6129    .text               c_w.l(strcmpv7m.o)
    0x08001610   0x08001610   0x0000000c   Code   RO         6208    .text               c_w.l(sys_exit.o)
    0x0800161c   0x0800161c   0x00000002   Code   RO         6219    .text               c_w.l(use_no_semi.o)
    0x0800161e   0x0800161e   0x00000000   Code   RO         6221    .text               c_w.l(indicate_semi.o)
    0x0800161e   0x0800161e   0x0000003e   Code   RO         6083    CL$$btod_d2e        c_w.l(btod.o)
    0x0800165c   0x0800165c   0x00000046   Code   RO         6085    CL$$btod_d2e_denorm_low  c_w.l(btod.o)
    0x080016a2   0x080016a2   0x00000060   Code   RO         6084    CL$$btod_d2e_norm_op1  c_w.l(btod.o)
    0x08001702   0x08001702   0x00000338   Code   RO         6093    CL$$btod_div_common  c_w.l(btod.o)
    0x08001a3a   0x08001a3a   0x000000dc   Code   RO         6090    CL$$btod_e2e        c_w.l(btod.o)
    0x08001b16   0x08001b16   0x0000002a   Code   RO         6087    CL$$btod_ediv       c_w.l(btod.o)
    0x08001b40   0x08001b40   0x0000002a   Code   RO         6086    CL$$btod_emul       c_w.l(btod.o)
    0x08001b6a   0x08001b6a   0x00000244   Code   RO         6092    CL$$btod_mult_common  c_w.l(btod.o)
    0x08001dae   0x08001dae   0x00000002   PAD
    0x08001db0   0x08001db0   0x00000056   Code   RO         1571    i.ADC_ConversionStop_Disable  stm32f1xx_hal_adc.o
    0x08001e06   0x08001e06   0x00000002   PAD
    0x08001e08   0x08001e08   0x0000007c   Code   RO         1575    i.ADC_Enable        stm32f1xx_hal_adc.o
    0x08001e84   0x08001e84   0x00000002   Code   RO          435    i.BusFault_Handler  stm32f1xx_it.o
    0x08001e86   0x08001e86   0x00000018   Code   RO         5242    i.ClearBitMask      mfrc522_hal.o
    0x08001e9e   0x08001e9e   0x00000002   PAD
    0x08001ea0   0x08001ea0   0x0000029c   Code   RO         5528    i.DHT11Task         dht11_task.o
    0x0800213c   0x0800213c   0x00000050   Code   RO         4983    i.DHT11_Init        dht11_hal.o
    0x0800218c   0x0800218c   0x00000020   Code   RO         4984    i.DHT11_Mode_Out_PP  dht11_hal.o
    0x080021ac   0x080021ac   0x0000002c   Code   RO         5529    i.DHT11_Task_Init   dht11_task.o
    0x080021d8   0x080021d8   0x0000004c   Code   RO         5707    i.DOOR_LOCK_SendStatus  door_lock_task.o
    0x08002224   0x08002224   0x0000003c   Code   RO         5708    i.DOOR_LOCK_SetLockStatus  door_lock_task.o
    0x08002260   0x08002260   0x0000008c   Code   RO         5709    i.DOOR_LOCK_Task    door_lock_task.o
    0x080022ec   0x080022ec   0x0000002c   Code   RO         5710    i.DOOR_LOCK_Task_Init  door_lock_task.o
    0x08002318   0x08002318   0x00000002   Code   RO          436    i.DebugMon_Handler  stm32f1xx_it.o
    0x0800231a   0x0800231a   0x00000014   Code   RO         4986    i.Delay_us          dht11_hal.o
    0x0800232e   0x0800232e   0x00000004   Code   RO           13    i.Error_Handler     main.o
    0x08002332   0x08002332   0x00000002   PAD
    0x08002334   0x08002334   0x000000fc   Code   RO         1577    i.HAL_ADC_ConfigChannel  stm32f1xx_hal_adc.o
    0x08002430   0x08002430   0x00000006   Code   RO         1584    i.HAL_ADC_GetValue  stm32f1xx_hal_adc.o
    0x08002436   0x08002436   0x00000002   PAD
    0x08002438   0x08002438   0x0000011c   Code   RO         1586    i.HAL_ADC_Init      stm32f1xx_hal_adc.o
    0x08002554   0x08002554   0x00000058   Code   RO          304    i.HAL_ADC_MspInit   adc.o
    0x080025ac   0x080025ac   0x0000013c   Code   RO         1590    i.HAL_ADC_PollForConversion  stm32f1xx_hal_adc.o
    0x080026e8   0x080026e8   0x000000c0   Code   RO         1592    i.HAL_ADC_Start     stm32f1xx_hal_adc.o
    0x080027a8   0x080027a8   0x00000034   Code   RO         1595    i.HAL_ADC_Stop      stm32f1xx_hal_adc.o
    0x080027dc   0x080027dc   0x00000024   Code   RO         1854    i.HAL_Delay         stm32f1xx_hal.o
    0x08002800   0x08002800   0x000001e0   Code   RO         2164    i.HAL_GPIO_Init     stm32f1xx_hal_gpio.o
    0x080029e0   0x080029e0   0x0000000a   Code   RO         2166    i.HAL_GPIO_ReadPin  stm32f1xx_hal_gpio.o
    0x080029ea   0x080029ea   0x0000000a   Code   RO         2168    i.HAL_GPIO_WritePin  stm32f1xx_hal_gpio.o
    0x080029f4   0x080029f4   0x0000000c   Code   RO         1858    i.HAL_GetTick       stm32f1xx_hal.o
    0x08002a00   0x08002a00   0x00000010   Code   RO         1864    i.HAL_IncTick       stm32f1xx_hal.o
    0x08002a10   0x08002a10   0x00000024   Code   RO         1865    i.HAL_Init          stm32f1xx_hal.o
    0x08002a34   0x08002a34   0x0000008c   Code   RO          523    i.HAL_InitTick      stm32f1xx_hal_timebase_tim.o
    0x08002ac0   0x08002ac0   0x00000048   Code   RO          499    i.HAL_MspInit       stm32f1xx_hal_msp.o
    0x08002b08   0x08002b08   0x0000001a   Code   RO         2324    i.HAL_NVIC_EnableIRQ  stm32f1xx_hal_cortex.o
    0x08002b22   0x08002b22   0x00000002   PAD
    0x08002b24   0x08002b24   0x00000040   Code   RO         2330    i.HAL_NVIC_SetPriority  stm32f1xx_hal_cortex.o
    0x08002b64   0x08002b64   0x00000024   Code   RO         2331    i.HAL_NVIC_SetPriorityGrouping  stm32f1xx_hal_cortex.o
    0x08002b88   0x08002b88   0x000000a4   Code   RO         2125    i.HAL_RCCEx_GetPeriphCLKFreq  stm32f1xx_hal_rcc_ex.o
    0x08002c2c   0x08002c2c   0x000000ec   Code   RO         2126    i.HAL_RCCEx_PeriphCLKConfig  stm32f1xx_hal_rcc_ex.o
    0x08002d18   0x08002d18   0x0000012c   Code   RO         2022    i.HAL_RCC_ClockConfig  stm32f1xx_hal_rcc.o
    0x08002e44   0x08002e44   0x00000040   Code   RO         2026    i.HAL_RCC_GetClockConfig  stm32f1xx_hal_rcc.o
    0x08002e84   0x08002e84   0x00000020   Code   RO         2029    i.HAL_RCC_GetPCLK1Freq  stm32f1xx_hal_rcc.o
    0x08002ea4   0x08002ea4   0x00000020   Code   RO         2030    i.HAL_RCC_GetPCLK2Freq  stm32f1xx_hal_rcc.o
    0x08002ec4   0x08002ec4   0x0000004c   Code   RO         2031    i.HAL_RCC_GetSysClockFreq  stm32f1xx_hal_rcc.o
    0x08002f10   0x08002f10   0x00000320   Code   RO         2034    i.HAL_RCC_OscConfig  stm32f1xx_hal_rcc.o
    0x08003230   0x08003230   0x00000002   Code   RO         1304    i.HAL_TIMEx_BreakCallback  stm32f1xx_hal_tim_ex.o
    0x08003232   0x08003232   0x00000002   Code   RO         1305    i.HAL_TIMEx_CommutCallback  stm32f1xx_hal_tim_ex.o
    0x08003234   0x08003234   0x00000068   Code   RO         1323    i.HAL_TIMEx_MasterConfigSynchronization  stm32f1xx_hal_tim_ex.o
    0x0800329c   0x0800329c   0x0000005a   Code   RO          600    i.HAL_TIM_Base_Init  stm32f1xx_hal_tim.o
    0x080032f6   0x080032f6   0x00000002   Code   RO          602    i.HAL_TIM_Base_MspInit  stm32f1xx_hal_tim.o
    0x080032f8   0x080032f8   0x00000058   Code   RO          605    i.HAL_TIM_Base_Start_IT  stm32f1xx_hal_tim.o
    0x08003350   0x08003350   0x00000002   Code   RO          634    i.HAL_TIM_IC_CaptureCallback  stm32f1xx_hal_tim.o
    0x08003352   0x08003352   0x00000130   Code   RO          648    i.HAL_TIM_IRQHandler  stm32f1xx_hal_tim.o
    0x08003482   0x08003482   0x00000002   PAD
    0x08003484   0x08003484   0x00000060   Code   RO          345    i.HAL_TIM_MspPostInit  tim.o
    0x080034e4   0x080034e4   0x00000002   Code   RO          651    i.HAL_TIM_OC_DelayElapsedCallback  stm32f1xx_hal_tim.o
    0x080034e6   0x080034e6   0x000000cc   Code   RO          672    i.HAL_TIM_PWM_ConfigChannel  stm32f1xx_hal_tim.o
    0x080035b2   0x080035b2   0x0000005a   Code   RO          675    i.HAL_TIM_PWM_Init  stm32f1xx_hal_tim.o
    0x0800360c   0x0800360c   0x00000024   Code   RO          347    i.HAL_TIM_PWM_MspInit  tim.o
    0x08003630   0x08003630   0x00000002   Code   RO          678    i.HAL_TIM_PWM_PulseFinishedCallback  stm32f1xx_hal_tim.o
    0x08003632   0x08003632   0x00000002   PAD
    0x08003634   0x08003634   0x0000009c   Code   RO          680    i.HAL_TIM_PWM_Start  stm32f1xx_hal_tim.o
    0x080036d0   0x080036d0   0x00000014   Code   RO           14    i.HAL_TIM_PeriodElapsedCallback  main.o
    0x080036e4   0x080036e4   0x00000002   Code   RO          691    i.HAL_TIM_TriggerCallback  stm32f1xx_hal_tim.o
    0x080036e6   0x080036e6   0x00000064   Code   RO         2854    i.HAL_UART_Init     stm32f1xx_hal_uart.o
    0x0800374a   0x0800374a   0x00000002   PAD
    0x0800374c   0x0800374c   0x00000070   Code   RO          394    i.HAL_UART_MspInit  usart.o
    0x080037bc   0x080037bc   0x000000b0   Code   RO         2857    i.HAL_UART_Receive  stm32f1xx_hal_uart.o
    0x0800386c   0x0800386c   0x000000a0   Code   RO         2862    i.HAL_UART_Transmit  stm32f1xx_hal_uart.o
    0x0800390c   0x0800390c   0x00000002   Code   RO          437    i.HardFault_Handler  stm32f1xx_it.o
    0x0800390e   0x0800390e   0x00000002   PAD
    0x08003910   0x08003910   0x00000170   Code   RO         5774    i.Health_Status_Task  health_status_task.o
    0x08003a80   0x08003a80   0x000000b8   Code   RO         5775    i.Health_Status_Task_Init  health_status_task.o
    0x08003b38   0x08003b38   0x00000010   Code   RO         5462    i.LightSensor_Get   lightsensor_hal.o
    0x08003b48   0x08003b48   0x00000002   Code   RO         5463    i.LightSensor_Init  lightsensor_hal.o
    0x08003b4a   0x08003b4a   0x0000001a   Code   RO         5244    i.MFRC522_AntennaOn  mfrc522_hal.o
    0x08003b64   0x08003b64   0x0000006c   Code   RO         5245    i.MFRC522_Anticoll  mfrc522_hal.o
    0x08003bd0   0x08003bd0   0x000000ac   Code   RO         5248    i.MFRC522_Init      mfrc522_hal.o
    0x08003c7c   0x08003c7c   0x00000052   Code   RO         5250    i.MFRC522_Request   mfrc522_hal.o
    0x08003cce   0x08003cce   0x00000002   PAD
    0x08003cd0   0x08003cd0   0x000000a0   Code   RO         5251    i.MFRC522_Reset     mfrc522_hal.o
    0x08003d70   0x08003d70   0x0000011c   Code   RO         5253    i.MFRC522_ToCard    mfrc522_hal.o
    0x08003e8c   0x08003e8c   0x00000038   Code   RO         5622    i.MQ135Task         mq135_task.o
    0x08003ec4   0x08003ec4   0x00000038   Code   RO         5363    i.MQ135_ADC_Read    mq135_hal.o
    0x08003efc   0x08003efc   0x00000084   Code   RO         5364    i.MQ135_Calibrate   mq135_hal.o
    0x08003f80   0x08003f80   0x000000a8   Code   RO         5367    i.MQ135_GetPPM_CO2  mq135_hal.o
    0x08004028   0x08004028   0x00000044   Code   RO         5369    i.MQ135_GetResistance  mq135_hal.o
    0x0800406c   0x0800406c   0x00000002   Code   RO         5371    i.MQ135_Init        mq135_hal.o
    0x0800406e   0x0800406e   0x0000002e   Code   RO         5373    i.MQ135_ReadRaw     mq135_hal.o
    0x0800409c   0x0800409c   0x00000014   Code   RO         5623    i.MQ135_Task_Init   mq135_task.o
    0x080040b0   0x080040b0   0x00000050   Code   RO          305    i.MX_ADC1_Init      adc.o
    0x08004100   0x08004100   0x0000008c   Code   RO          221    i.MX_FREERTOS_Init  freertos.o
    0x0800418c   0x0800418c   0x000000dc   Code   RO          197    i.MX_GPIO_Init      gpio.o
    0x08004268   0x08004268   0x00000070   Code   RO          348    i.MX_TIM2_Init      tim.o
    0x080042d8   0x080042d8   0x00000038   Code   RO          395    i.MX_USART1_UART_Init  usart.o
    0x08004310   0x08004310   0x00000002   Code   RO          438    i.MemManage_Handler  stm32f1xx_it.o
    0x08004312   0x08004312   0x00000002   Code   RO          439    i.NMI_Handler       stm32f1xx_it.o
    0x08004314   0x08004314   0x00000026   Code   RO         5120    i.OLED_Clear        oled_hal.o
    0x0800433a   0x0800433a   0x0000001e   Code   RO         5121    i.OLED_ClearRow     oled_hal.o
    0x08004358   0x08004358   0x00000050   Code   RO         5122    i.OLED_I2C_Init     oled_hal.o
    0x080043a8   0x080043a8   0x0000005c   Code   RO         5123    i.OLED_I2C_SendByte  oled_hal.o
    0x08004404   0x08004404   0x00000038   Code   RO         5124    i.OLED_I2C_Start    oled_hal.o
    0x0800443c   0x0800443c   0x00000030   Code   RO         5125    i.OLED_I2C_Stop     oled_hal.o
    0x0800446c   0x0800446c   0x000000ac   Code   RO         5126    i.OLED_Init         oled_hal.o
    0x08004518   0x08004518   0x00000022   Code   RO         5128    i.OLED_SetCursor    oled_hal.o
    0x0800453a   0x0800453a   0x00000002   PAD
    0x0800453c   0x0800453c   0x00000068   Code   RO         5130    i.OLED_ShowChar     oled_hal.o
    0x080045a4   0x080045a4   0x00000026   Code   RO         5134    i.OLED_ShowString   oled_hal.o
    0x080045ca   0x080045ca   0x00000022   Code   RO         5135    i.OLED_WriteCommand  oled_hal.o
    0x080045ec   0x080045ec   0x00000022   Code   RO         5136    i.OLED_WriteData    oled_hal.o
    0x0800460e   0x0800460e   0x00000002   PAD
    0x08004610   0x08004610   0x00000030   Code   RO         5580    i.RFID_Task_Init    rfid_task.o
    0x08004640   0x08004640   0x00000080   Code   RO         4987    i.Read_Byte         dht11_hal.o
    0x080046c0   0x080046c0   0x00000108   Code   RO         4988    i.Read_DHT11        dht11_hal.o
    0x080047c8   0x080047c8   0x000000e0   Code   RO         5255    i.Read_MFRC522      mfrc522_hal.o
    0x080048a8   0x080048a8   0x0000000c   Code   RO         5495    i.SG90_Init         sg90_hal.o
    0x080048b4   0x080048b4   0x00000028   Code   RO         5496    i.SG90_SetAngle     sg90_hal.o
    0x080048dc   0x080048dc   0x000001cc   Code   RO         5530    i.SendEnvDataAsJson  dht11_task.o
    0x08004aa8   0x08004aa8   0x00000002   Code   RO         5040    i.Serial_Init       serial_hal.o
    0x08004aaa   0x08004aaa   0x0000001c   Code   RO         5042    i.Serial_Printf     serial_hal.o
    0x08004ac6   0x08004ac6   0x00000002   PAD
    0x08004ac8   0x08004ac8   0x0000001c   Code   RO         5044    i.Serial_ReceiveByteNonBlocking  serial_hal.o
    0x08004ae4   0x08004ae4   0x00000018   Code   RO         5046    i.Serial_SendByte   serial_hal.o
    0x08004afc   0x08004afc   0x00000018   Code   RO         5048    i.Serial_SendString  serial_hal.o
    0x08004b14   0x08004b14   0x00000018   Code   RO         5256    i.SetBitMask        mfrc522_hal.o
    0x08004b2c   0x08004b2c   0x00000020   Code   RO         5666    i.StackMonitor_Task_Init  stackmonitor_task.o
    0x08004b4c   0x08004b4c   0x0000000c   Code   RO          222    i.StartDefaultTask  freertos.o
    0x08004b58   0x08004b58   0x00000174   Code   RO         5581    i.StartRFIDTask     rfid_task.o
    0x08004ccc   0x08004ccc   0x00000170   Code   RO         5667    i.StartStackMonitorTask  stackmonitor_task.o
    0x08004e3c   0x08004e3c   0x0000001a   Code   RO         4335    i.SysTick_Handler   cmsis_os2.o
    0x08004e56   0x08004e56   0x00000078   Code   RO           15    i.SystemClock_Config  main.o
    0x08004ece   0x08004ece   0x00000002   Code   RO         3188    i.SystemInit        system_stm32f1xx.o
    0x08004ed0   0x08004ed0   0x0000000c   Code   RO          440    i.TIM1_UP_IRQHandler  stm32f1xx_it.o
    0x08004edc   0x08004edc   0x00000078   Code   RO          693    i.TIM_Base_SetConfig  stm32f1xx_hal_tim.o
    0x08004f54   0x08004f54   0x0000001a   Code   RO          694    i.TIM_CCxChannelCmd  stm32f1xx_hal_tim.o
    0x08004f6e   0x08004f6e   0x00000002   PAD
    0x08004f70   0x08004f70   0x00000050   Code   RO          706    i.TIM_OC1_SetConfig  stm32f1xx_hal_tim.o
    0x08004fc0   0x08004fc0   0x00000058   Code   RO          707    i.TIM_OC2_SetConfig  stm32f1xx_hal_tim.o
    0x08005018   0x08005018   0x00000058   Code   RO          708    i.TIM_OC3_SetConfig  stm32f1xx_hal_tim.o
    0x08005070   0x08005070   0x00000044   Code   RO          709    i.TIM_OC4_SetConfig  stm32f1xx_hal_tim.o
    0x080050b4   0x080050b4   0x0000004e   Code   RO         2877    i.UART_EndRxTransfer  stm32f1xx_hal_uart.o
    0x08005102   0x08005102   0x00000002   PAD
    0x08005104   0x08005104   0x000000b8   Code   RO         2880    i.UART_SetConfig    stm32f1xx_hal_uart.o
    0x080051bc   0x080051bc   0x00000072   Code   RO         2883    i.UART_WaitOnFlagUntilTimeout  stm32f1xx_hal_uart.o
    0x0800522e   0x0800522e   0x00000002   Code   RO          441    i.UsageFault_Handler  stm32f1xx_it.o
    0x08005230   0x08005230   0x000000d8   Code   RO         5257    i.Write_MFRC522     mfrc522_hal.o
    0x08005308   0x08005308   0x00000028   Code   RO         6031    i.__ARM_fpclassify  m_ws.l(fpclassify.o)
    0x08005330   0x08005330   0x00000020   Code   RO         2337    i.__NVIC_SetPriority  stm32f1xx_hal_cortex.o
    0x08005350   0x08005350   0x000000aa   Code   RO         6033    i.__kernel_poly     m_ws.l(poly.o)
    0x080053fa   0x080053fa   0x00000002   PAD
    0x080053fc   0x080053fc   0x00000010   Code   RO         6017    i.__mathlib_dbl_divzero  m_ws.l(dunder.o)
    0x0800540c   0x0800540c   0x00000004   Code   RO         6019    i.__mathlib_dbl_infnan2  m_ws.l(dunder.o)
    0x08005410   0x08005410   0x0000000c   Code   RO         6020    i.__mathlib_dbl_invalid  m_ws.l(dunder.o)
    0x0800541c   0x0800541c   0x0000000e   Code   RO         6021    i.__mathlib_dbl_overflow  m_ws.l(dunder.o)
    0x0800542a   0x0800542a   0x00000002   PAD
    0x0800542c   0x0800542c   0x00000010   Code   RO         6023    i.__mathlib_dbl_underflow  m_ws.l(dunder.o)
    0x0800543c   0x0800543c   0x0000000e   Code   RO         5862    i._is_digit         c_w.l(__printf_wp.o)
    0x0800544a   0x0800544a   0x00000002   PAD
    0x0800544c   0x0800544c   0x00000074   Code   RO         3794    i.eTaskGetState     tasks.o
    0x080054c0   0x080054c0   0x00000050   Code   RO           16    i.main              main.o
    0x08005510   0x08005510   0x0000001a   Code   RO         4337    i.osDelay           cmsis_os2.o
    0x0800552a   0x0800552a   0x0000000e   Code   RO         4349    i.osKernelGetTickCount  cmsis_os2.o
    0x08005538   0x08005538   0x00000024   Code   RO         4351    i.osKernelInitialize  cmsis_os2.o
    0x0800555c   0x0800555c   0x00000038   Code   RO         4354    i.osKernelStart     cmsis_os2.o
    0x08005594   0x08005594   0x00000052   Code   RO         4374    i.osMutexAcquire    cmsis_os2.o
    0x080055e6   0x080055e6   0x00000068   Code   RO         4377    i.osMutexNew        cmsis_os2.o
    0x0800564e   0x0800564e   0x00000042   Code   RO         4378    i.osMutexRelease    cmsis_os2.o
    0x08005690   0x08005690   0x0000008a   Code   RO         4396    i.osThreadNew       cmsis_os2.o
    0x0800571a   0x0800571a   0x00000002   PAD
    0x0800571c   0x0800571c   0x000009d8   Code   RO         5939    i.pow               m_ws.l(pow.o)
    0x080060f4   0x080060f4   0x0000005c   Code   RO         3796    i.prvAddCurrentTaskToDelayedList  tasks.o
    0x08006150   0x08006150   0x000000d0   Code   RO         3797    i.prvAddNewTaskToReadyList  tasks.o
    0x08006220   0x08006220   0x00000058   Code   RO         4161    i.prvCheckForValidListAndQueue  timers.o
    0x08006278   0x08006278   0x00000026   Code   RO         3393    i.prvCopyDataFromQueue  queue.o
    0x0800629e   0x0800629e   0x0000006c   Code   RO         3394    i.prvCopyDataToQueue  queue.o
    0x0800630a   0x0800630a   0x00000034   Code   RO         3798    i.prvDeleteTCB      tasks.o
    0x0800633e   0x0800633e   0x00000002   PAD
    0x08006340   0x08006340   0x0000004c   Code   RO         4848    i.prvHeapInit       heap_4.o
    0x0800638c   0x0800638c   0x00000060   Code   RO         3799    i.prvIdleTask       tasks.o
    0x080063ec   0x080063ec   0x00000016   Code   RO         3395    i.prvInitialiseMutex  queue.o
    0x08006402   0x08006402   0x00000002   PAD
    0x08006404   0x08006404   0x00000022   Code   RO         3396    i.prvInitialiseNewQueue  queue.o
    0x08006426   0x08006426   0x00000002   PAD
    0x08006428   0x08006428   0x000000b0   Code   RO         3800    i.prvInitialiseNewTask  tasks.o
    0x080064d8   0x080064d8   0x0000004c   Code   RO         4849    i.prvInsertBlockIntoFreeList  heap_4.o
    0x08006524   0x08006524   0x00000038   Code   RO         4163    i.prvInsertTimerInActiveList  timers.o
    0x0800655c   0x0800655c   0x0000001c   Code   RO         3397    i.prvIsQueueEmpty   queue.o
    0x08006578   0x08006578   0x00000058   Code   RO         3801    i.prvListTasksWithinSingleList  tasks.o
    0x080065d0   0x080065d0   0x000000fc   Code   RO         4164    i.prvProcessReceivedCommands  timers.o
    0x080066cc   0x080066cc   0x000000c0   Code   RO         4165    i.prvProcessTimerOrBlockTask  timers.o
    0x0800678c   0x0800678c   0x00000020   Code   RO         3802    i.prvResetNextTaskUnblockTime  tasks.o
    0x080067ac   0x080067ac   0x00000028   Code   RO         4166    i.prvSampleTimeNow  timers.o
    0x080067d4   0x080067d4   0x0000006c   Code   RO         4167    i.prvSwitchTimerLists  timers.o
    0x08006840   0x08006840   0x00000014   Code   RO         3803    i.prvTaskCheckFreeStackSpace  tasks.o
    0x08006854   0x08006854   0x00000028   Code   RO         4904    i.prvTaskExitError  port.o
    0x0800687c   0x0800687c   0x00000024   Code   RO         4168    i.prvTimerTask      timers.o
    0x080068a0   0x080068a0   0x0000006a   Code   RO         3398    i.prvUnlockQueue    queue.o
    0x0800690a   0x0800690a   0x00000002   PAD
    0x0800690c   0x0800690c   0x000000dc   Code   RO         4850    i.pvPortMalloc      heap_4.o
    0x080069e8   0x080069e8   0x00000018   Code   RO         3805    i.pvTaskIncrementMutexHeldCount  tasks.o
    0x08006a00   0x08006a00   0x00000024   Code   RO         4905    i.pxPortInitialiseStack  port.o
    0x08006a24   0x08006a24   0x0000004c   Code   RO         6037    i.sqrt              m_ws.l(sqrt.o)
    0x08006a70   0x08006a70   0x00000026   Code   RO         3353    i.uxListRemove      list.o
    0x08006a96   0x08006a96   0x00000002   PAD
    0x08006a98   0x08006a98   0x000000ac   Code   RO         3810    i.uxTaskGetSystemState  tasks.o
    0x08006b44   0x08006b44   0x00000014   Code   RO         4408    i.vApplicationGetIdleTaskMemory  cmsis_os2.o
    0x08006b58   0x08006b58   0x00000018   Code   RO         4409    i.vApplicationGetTimerTaskMemory  cmsis_os2.o
    0x08006b70   0x08006b70   0x00000016   Code   RO         3354    i.vListInitialise   list.o
    0x08006b86   0x08006b86   0x00000006   Code   RO         3355    i.vListInitialiseItem  list.o
    0x08006b8c   0x08006b8c   0x00000030   Code   RO         3356    i.vListInsert       list.o
    0x08006bbc   0x08006bbc   0x00000018   Code   RO         3357    i.vListInsertEnd    list.o
    0x08006bd4   0x08006bd4   0x00000040   Code   RO         4907    i.vPortEnterCritical  port.o
    0x08006c14   0x08006c14   0x00000028   Code   RO         4908    i.vPortExitCritical  port.o
    0x08006c3c   0x08006c3c   0x00000064   Code   RO         4851    i.vPortFree         heap_4.o
    0x08006ca0   0x08006ca0   0x00000024   Code   RO         4909    i.vPortSetupTimerInterrupt  port.o
    0x08006cc4   0x08006cc4   0x00000054   Code   RO         4910    i.vPortValidateInterruptPriority  port.o
    0x08006d18   0x08006d18   0x00000028   Code   RO         3404    i.vQueueAddToRegistry  queue.o
    0x08006d40   0x08006d40   0x00000044   Code   RO         3408    i.vQueueWaitForMessageRestricted  queue.o
    0x08006d84   0x08006d84   0x0000004c   Code   RO         3815    i.vTaskDelay        tasks.o
    0x08006dd0   0x08006dd0   0x00000074   Code   RO         3819    i.vTaskGetInfo      tasks.o
    0x08006e44   0x08006e44   0x00000010   Code   RO         3820    i.vTaskInternalSetTimeOutState  tasks.o
    0x08006e54   0x08006e54   0x0000000c   Code   RO         3821    i.vTaskMissedYield  tasks.o
    0x08006e60   0x08006e60   0x00000030   Code   RO         3823    i.vTaskPlaceOnEventList  tasks.o
    0x08006e90   0x08006e90   0x00000038   Code   RO         3824    i.vTaskPlaceOnEventListRestricted  tasks.o
    0x08006ec8   0x08006ec8   0x00000090   Code   RO         3826    i.vTaskPriorityDisinheritAfterTimeout  tasks.o
    0x08006f58   0x08006f58   0x00000088   Code   RO         3832    i.vTaskStartScheduler  tasks.o
    0x08006fe0   0x08006fe0   0x00000010   Code   RO         3834    i.vTaskSuspendAll   tasks.o
    0x08006ff0   0x08006ff0   0x00000064   Code   RO         3835    i.vTaskSwitchContext  tasks.o
    0x08007054   0x08007054   0x0000000c   Code   RO         4854    i.xPortGetFreeHeapSize  heap_4.o
    0x08007060   0x08007060   0x0000000c   Code   RO         4855    i.xPortGetMinimumEverFreeHeapSize  heap_4.o
    0x0800706c   0x0800706c   0x000000a8   Code   RO         4911    i.xPortStartScheduler  port.o
    0x08007114   0x08007114   0x0000002c   Code   RO         4912    i.xPortSysTickHandler  port.o
    0x08007140   0x08007140   0x00000016   Code   RO         3411    i.xQueueCreateMutex  queue.o
    0x08007156   0x08007156   0x0000001a   Code   RO         3412    i.xQueueCreateMutexStatic  queue.o
    0x08007170   0x08007170   0x00000042   Code   RO         3413    i.xQueueGenericCreate  queue.o
    0x080071b2   0x080071b2   0x00000066   Code   RO         3414    i.xQueueGenericCreateStatic  queue.o
    0x08007218   0x08007218   0x00000088   Code   RO         3415    i.xQueueGenericReset  queue.o
    0x080072a0   0x080072a0   0x00000160   Code   RO         3416    i.xQueueGenericSend  queue.o
    0x08007400   0x08007400   0x000000be   Code   RO         3417    i.xQueueGenericSendFromISR  queue.o
    0x080074be   0x080074be   0x0000003e   Code   RO         3421    i.xQueueGiveMutexRecursive  queue.o
    0x080074fc   0x080074fc   0x00000138   Code   RO         3426    i.xQueueReceive     queue.o
    0x08007634   0x08007634   0x00000178   Code   RO         3428    i.xQueueSemaphoreTake  queue.o
    0x080077ac   0x080077ac   0x00000040   Code   RO         3429    i.xQueueTakeMutexRecursive  queue.o
    0x080077ec   0x080077ec   0x00000074   Code   RO         3837    i.xTaskCheckForTimeOut  tasks.o
    0x08007860   0x08007860   0x0000005a   Code   RO         3838    i.xTaskCreate       tasks.o
    0x080078ba   0x080078ba   0x00000056   Code   RO         3839    i.xTaskCreateStatic  tasks.o
    0x08007910   0x08007910   0x0000000c   Code   RO         3842    i.xTaskGetCurrentTaskHandle  tasks.o
    0x0800791c   0x0800791c   0x0000001c   Code   RO         3843    i.xTaskGetSchedulerState  tasks.o
    0x08007938   0x08007938   0x0000000c   Code   RO         3844    i.xTaskGetTickCount  tasks.o
    0x08007944   0x08007944   0x00000010   Code   RO         3845    i.xTaskGetTickCountFromISR  tasks.o
    0x08007954   0x08007954   0x000000c8   Code   RO         3846    i.xTaskIncrementTick  tasks.o
    0x08007a1c   0x08007a1c   0x00000080   Code   RO         3849    i.xTaskPriorityDisinherit  tasks.o
    0x08007a9c   0x08007a9c   0x00000078   Code   RO         3850    i.xTaskPriorityInherit  tasks.o
    0x08007b14   0x08007b14   0x00000070   Code   RO         3851    i.xTaskRemoveFromEventList  tasks.o
    0x08007b84   0x08007b84   0x000000c4   Code   RO         3852    i.xTaskResumeAll    tasks.o
    0x08007c48   0x08007c48   0x00000060   Code   RO         4177    i.xTimerCreateTimerTask  timers.o
    0x08007ca8   0x08007ca8   0x00000068   Code   RO         4178    i.xTimerGenericCommand  timers.o
    0x08007d10   0x08007d10   0x0000002c   Code   RO         6108    locale$$code        c_w.l(lc_numeric_c.o)
    0x08007d3c   0x08007d3c   0x0000002c   Code   RO         6189    locale$$code        c_w.l(lc_ctype_c.o)
    0x08007d68   0x08007d68   0x00000062   Code   RO         5894    x$fpl$d2f           fz_ws.l(d2f.o)
    0x08007dca   0x08007dca   0x00000002   PAD
    0x08007dcc   0x08007dcc   0x00000150   Code   RO         5896    x$fpl$dadd          fz_ws.l(daddsub_clz.o)
    0x08007f1c   0x08007f1c   0x00000010   Code   RO         6110    x$fpl$dcheck1       fz_ws.l(dcheck1.o)
    0x08007f2c   0x08007f2c   0x00000018   Code   RO         6182    x$fpl$dcmpinf       fz_ws.l(dcmpi.o)
    0x08007f44   0x08007f44   0x000002b0   Code   RO         5903    x$fpl$ddiv          fz_ws.l(ddiv.o)
    0x080081f4   0x080081f4   0x0000002e   Code   RO         5907    x$fpl$dflt          fz_ws.l(dflt_clz.o)
    0x08008222   0x08008222   0x00000026   Code   RO         5906    x$fpl$dfltu         fz_ws.l(dflt_clz.o)
    0x08008248   0x08008248   0x00000078   Code   RO         6112    x$fpl$dleqf         fz_ws.l(dleqf.o)
    0x080082c0   0x080082c0   0x00000154   Code   RO         5912    x$fpl$dmul          fz_ws.l(dmul.o)
    0x08008414   0x08008414   0x0000009c   Code   RO         5996    x$fpl$dnaninf       fz_ws.l(dnaninf.o)
    0x080084b0   0x080084b0   0x0000000c   Code   RO         5998    x$fpl$dretinf       fz_ws.l(dretinf.o)
    0x080084bc   0x080084bc   0x0000006c   Code   RO         6000    x$fpl$drleqf        fz_ws.l(drleqf.o)
    0x08008528   0x08008528   0x00000016   Code   RO         5897    x$fpl$drsb          fz_ws.l(daddsub_clz.o)
    0x0800853e   0x0800853e   0x00000002   PAD
    0x08008540   0x08008540   0x000001cc   Code   RO         6114    x$fpl$dsqrt         fz_ws.l(dsqrt_noumaal.o)
    0x0800870c   0x0800870c   0x000001d4   Code   RO         5898    x$fpl$dsub          fz_ws.l(daddsub_clz.o)
    0x080088e0   0x080088e0   0x00000056   Code   RO         5914    x$fpl$f2d           fz_ws.l(f2d.o)
    0x08008936   0x08008936   0x00000002   PAD
    0x08008938   0x08008938   0x000000c4   Code   RO         5916    x$fpl$fadd          fz_ws.l(faddsub_clz.o)
    0x080089fc   0x080089fc   0x0000000c   Code   RO         6002    x$fpl$fcheck1       fz_ws.l(fcheck1.o)
    0x08008a08   0x08008a08   0x00000184   Code   RO         5923    x$fpl$fdiv          fz_ws.l(fdiv.o)
    0x08008b8c   0x08008b8c   0x00000026   Code   RO         5926    x$fpl$ffltu         fz_ws.l(fflt_clz.o)
    0x08008bb2   0x08008bb2   0x00000002   PAD
    0x08008bb4   0x08008bb4   0x00000102   Code   RO         5932    x$fpl$fmul          fz_ws.l(fmul.o)
    0x08008cb6   0x08008cb6   0x0000008c   Code   RO         6004    x$fpl$fnaninf       fz_ws.l(fnaninf.o)
    0x08008d42   0x08008d42   0x0000000a   Code   RO         6006    x$fpl$fretinf       fz_ws.l(fretinf.o)
    0x08008d4c   0x08008d4c   0x000000ea   Code   RO         5918    x$fpl$fsub          fz_ws.l(faddsub_clz.o)
    0x08008e36   0x08008e36   0x00000004   Code   RO         5934    x$fpl$printf1       fz_ws.l(printf1.o)
    0x08008e3a   0x08008e3a   0x00000004   Code   RO         6008    x$fpl$printf2       fz_ws.l(printf2.o)
    0x08008e3e   0x08008e3e   0x00000064   Code   RO         6118    x$fpl$retnan        fz_ws.l(retnan.o)
    0x08008ea2   0x08008ea2   0x0000005c   Code   RO         6014    x$fpl$scalbn        fz_ws.l(scalbn.o)
    0x08008efe   0x08008efe   0x0000004c   Code   RO         5936    x$fpl$scalbnf       fz_ws.l(scalbnf.o)
    0x08008f4a   0x08008f4a   0x00000030   Code   RO         6184    x$fpl$trapveneer    fz_ws.l(trapv.o)
    0x08008f7a   0x08008f7a   0x00000000   Code   RO         6016    x$fpl$usenofp       fz_ws.l(usenofp.o)
    0x08008f7a   0x08008f7a   0x00000002   PAD
    0x08008f7c   0x08008f7c   0x00000024   Data   RO          223    .constdata          freertos.o
    0x08008fa0   0x08008fa0   0x00000012   Data   RO         2035    .constdata          stm32f1xx_hal_rcc.o
    0x08008fb2   0x08008fb2   0x00000012   Data   RO         2127    .constdata          stm32f1xx_hal_rcc_ex.o
    0x08008fc4   0x08008fc4   0x00000010   Data   RO         3189    .constdata          system_stm32f1xx.o
    0x08008fd4   0x08008fd4   0x00000008   Data   RO         3190    .constdata          system_stm32f1xx.o
    0x08008fdc   0x08008fdc   0x000005f0   Data   RO         5137    .constdata          oled_hal.o
    0x080095cc   0x080095cc   0x00000024   Data   RO         5531    .constdata          dht11_task.o
    0x080095f0   0x080095f0   0x00000024   Data   RO         5583    .constdata          rfid_task.o
    0x08009614   0x08009614   0x00000024   Data   RO         5624    .constdata          mq135_task.o
    0x08009638   0x08009638   0x00000024   Data   RO         5669    .constdata          stackmonitor_task.o
    0x0800965c   0x0800965c   0x00000024   Data   RO         5711    .constdata          door_lock_task.o
    0x08009680   0x08009680   0x00000024   Data   RO         5776    .constdata          health_status_task.o
    0x080096a4   0x080096a4   0x00000028   Data   RO         5850    .constdata          c_w.l(_printf_hex_int_ll_ptr.o)
    0x080096cc   0x080096cc   0x00000011   Data   RO         5870    .constdata          c_w.l(__printf_flags_ss_wp.o)
    0x080096dd   0x080096dd   0x00000003   PAD
    0x080096e0   0x080096e0   0x00000088   Data   RO         5940    .constdata          m_ws.l(pow.o)
    0x08009768   0x08009768   0x00000008   Data   RO         5968    .constdata          c_w.l(_printf_wctomb.o)
    0x08009770   0x08009770   0x00000008   Data   RO         6035    .constdata          m_ws.l(qnan.o)
    0x08009778   0x08009778   0x00000026   Data   RO         6072    .constdata          c_w.l(_printf_fp_hex.o)
    0x0800979e   0x0800979e   0x00000002   PAD
    0x080097a0   0x080097a0   0x00000094   Data   RO         6081    .constdata          c_w.l(bigflt0.o)
    0x08009834   0x08009834   0x0000000c   Data   RO          224    .conststring        freertos.o
    0x08009840   0x08009840   0x0000000a   Data   RO         5532    .conststring        dht11_task.o
    0x0800984a   0x0800984a   0x00000002   PAD
    0x0800984c   0x0800984c   0x00000009   Data   RO         5584    .conststring        rfid_task.o
    0x08009855   0x08009855   0x00000003   PAD
    0x08009858   0x08009858   0x0000000a   Data   RO         5625    .conststring        mq135_task.o
    0x08009862   0x08009862   0x00000002   PAD
    0x08009864   0x08009864   0x00000011   Data   RO         5670    .conststring        stackmonitor_task.o
    0x08009875   0x08009875   0x00000003   PAD
    0x08009878   0x08009878   0x0000000f   Data   RO         5712    .conststring        door_lock_task.o
    0x08009887   0x08009887   0x00000001   PAD
    0x08009888   0x08009888   0x00000011   Data   RO         5777    .conststring        health_status_task.o
    0x08009899   0x08009899   0x00000003   PAD
    0x0800989c   0x0800989c   0x00000020   Data   RO         6268    Region$$Table       anon$$obj.o
    0x080098bc   0x080098bc   0x0000001c   Data   RO         6107    locale$$data        c_w.l(lc_numeric_c.o)
    0x080098d8   0x080098d8   0x00000110   Data   RO         6188    locale$$data        c_w.l(lc_ctype_c.o)


    Execution Region RW_IRAM1 (Exec base: 0x20000000, Load base: 0x080099e8, Size: 0x000036c0, Max: 0x00005000, ABSOLUTE)

    Exec Addr    Load Addr    Size         Type   Attr      Idx    E Section Name        Object

    0x20000000   0x080099e8   0x0000000c   Data   RW          225    .data               freertos.o
    0x2000000c   0x080099f4   0x0000000c   Data   RW         1872    .data               stm32f1xx_hal.o
    0x20000018   0x08009a00   0x00000004   Data   RW         3191    .data               system_stm32f1xx.o
    0x2000001c   0x08009a04   0x0000003c   Data   RW         3855    .data               tasks.o
    0x20000058   0x08009a40   0x00000014   Data   RW         4186    .data               timers.o
    0x2000006c   0x08009a54   0x00000004   Data   RW         4411    .data               cmsis_os2.o
    0x20000070   0x08009a58   0x00000020   Data   RW         4857    .data               heap_4.o
    0x20000090   0x08009a78   0x0000000c   Data   RW         4913    .data               port.o
    0x2000009c   0x08009a84   0x00000008   Data   RW         5375    .data               mq135_hal.o
    0x200000a4   0x08009a8c   0x00000004   Data   RW         5533    .data               dht11_task.o
    0x200000a8   0x08009a90   0x0000000c   Data   RW         5585    .data               rfid_task.o
    0x200000b4   0x08009a9c   0x00000004   Data   RW         5587    .data               rfid_task.o
    0x200000b8   0x08009aa0   0x00000008   Data   RW         5626    .data               mq135_task.o
    0x200000c0   0x08009aa8   0x00000004   Data   RW         5627    .data               mq135_task.o
    0x200000c4   0x08009aac   0x00000004   Data   RW         5671    .data               stackmonitor_task.o
    0x200000c8   0x08009ab0   0x00000008   Data   RW         5713    .data               door_lock_task.o
    0x200000d0   0x08009ab8   0x00000008   Data   RW         5778    .data               health_status_task.o
    0x200000d8        -       0x00000030   Zero   RW          306    .bss                adc.o
    0x20000108        -       0x00000048   Zero   RW          349    .bss                tim.o
    0x20000150        -       0x00000048   Zero   RW          396    .bss                usart.o
    0x20000198        -       0x00000048   Zero   RW          526    .bss                stm32f1xx_hal_timebase_tim.o
    0x200001e0        -       0x00000040   Zero   RW         3430    .bss                queue.o
    0x20000220        -       0x000004c4   Zero   RW         3854    .bss                tasks.o
    0x200006e4        -       0x00000118   Zero   RW         4185    .bss                timers.o
    0x200007fc        -       0x000006b8   Zero   RW         4410    .bss                cmsis_os2.o
    0x20000eb4        -       0x00002000   Zero   RW         4856    .bss                heap_4.o
    0x20002eb4        -       0x0000003f   Zero   RW         5582    .bss                rfid_task.o
    0x20002ef3   0x08009ac0   0x00000001   PAD
    0x20002ef4        -       0x00000168   Zero   RW         5668    .bss                stackmonitor_task.o
    0x2000305c        -       0x00000060   Zero   RW         6121    .bss                c_w.l(libspace.o)
    0x200030bc   0x08009ac0   0x00000004   PAD
    0x200030c0        -       0x00000200   Zero   RW            2    HEAP                startup_stm32f103xb.o
    0x200032c0        -       0x00000400   Zero   RW            1    STACK               startup_stm32f103xb.o


==============================================================================

Image component sizes


      Code (inc. data)   RO Data    RW Data    ZI Data      Debug   Object Name

       168         22          0          0         48       1573   adc.o
       592         22          0          4       1720      61809   cmsis_os2.o
       524         22          0          0          0       4302   dht11_hal.o
      1172        334         46          4          0       3466   dht11_task.o
       320         56         51          8          0       3329   door_lock_task.o
         0          0          0          0          0      19528   event_groups.o
       152         38         48         12          0       2752   freertos.o
       220         18          0          0          0        959   gpio.o
       552         40         53          8          0       2660   health_status_task.o
       496         36          0         32       8192       5756   heap_4.o
        18          6          0          0          0        865   lightsensor_hal.o
       138          0          0          0          0       3294   list.o
       224         14          0          0          0     456704   main.o
      1320         24          0          0          0       7586   mfrc522_hal.o
       472         70          0          8          0       4003   mq135_hal.o
        76         16         46         12          0       1874   mq135_task.o
       760         32       1520          0          0       7584   oled_hal.o
       662         70          0         12          0      10525   port.o
      2152         24          0          0         64      23040   queue.o
       420        102         45         16         63       2891   rfid_task.o
       106         10          0          0          0       3553   serial_hal.o
        52         10          0          0          0        888   sg90_hal.o
       400        220         53          4        360       2090   stackmonitor_task.o
        64         26        236          0       1536        792   startup_stm32f103xb.o
       100         18          0         12          0       5122   stm32f1xx_hal.o
      1312         54          0          0          0       7079   stm32f1xx_hal_adc.o
       158         14          0          0          0      28098   stm32f1xx_hal_cortex.o
       500         34          0          0          0       3447   stm32f1xx_hal_gpio.o
        72         10          0          0          0        834   stm32f1xx_hal_msp.o
      1304         94         18          0          0       5625   stm32f1xx_hal_rcc.o
       400         28         18          0          0       2417   stm32f1xx_hal_rcc_ex.o
      1412         56          0          0          0      12631   stm32f1xx_hal_tim.o
       108         12          0          0          0       2337   stm32f1xx_hal_tim_ex.o
       140         22          0          0         72       1375   stm32f1xx_hal_timebase_tim.o
       812          6          0          0          0       5623   stm32f1xx_hal_uart.o
        24          6          0          0          0       2910   stm32f1xx_it.o
         0          0          0          0          0        392   stream_buffer.o
         2          0         24          4          0       1067   system_stm32f1xx.o
      2912        230          0         60       1220      33526   tasks.o
       244         22          0          0         72       2171   tim.o
       972         80          0         20        280      31747   timers.o
       168         20          0          0         72       1614   usart.o

    ----------------------------------------------------------------------
     21744       1918       2204        216      13700     779838   Object Totals
         0          0         32          0          0          0   (incl. Generated)
        44          0         14          0          1          0   (incl. Padding)

    ----------------------------------------------------------------------

      Code (inc. data)   RO Data    RW Data    ZI Data      Debug   Library Member Name

        56          6          0          0          0         88   __2snprintf.o
        44          6          0          0          0         84   __2sprintf.o
         8          0          0          0          0         68   __main.o
       392          4         17          0          0         92   __printf_flags_ss_wp.o
        14          0          0          0          0         68   __printf_wp.o
         0          0          0          0          0          0   __rtentry.o
        12          0          0          0          0          0   __rtentry2.o
         6          0          0          0          0          0   __rtentry4.o
        52          8          0          0          0          0   __scatter.o
        26          0          0          0          0          0   __scatter_copy.o
        28          0          0          0          0          0   __scatter_zi.o
         6          0          0          0          0          0   _printf_a.o
         6          0          0          0          0          0   _printf_c.o
        44          0          0          0          0        108   _printf_char.o
        48          6          0          0          0         96   _printf_char_common.o
        40          0          0          0          0         68   _printf_charcount.o
         6          0          0          0          0          0   _printf_d.o
       120         16          0          0          0         92   _printf_dec.o
         6          0          0          0          0          0   _printf_e.o
         6          0          0          0          0          0   _printf_f.o
      1054          0          0          0          0        216   _printf_fp_dec.o
       764          8         38          0          0        100   _printf_fp_hex.o
       128         16          0          0          0         84   _printf_fp_infnan.o
         6          0          0          0          0          0   _printf_g.o
       148          4         40          0          0        160   _printf_hex_int_ll_ptr.o
         6          0          0          0          0          0   _printf_i.o
       178          0          0          0          0         88   _printf_intcommon.o
        10          0          0          0          0          0   _printf_l.o
         6          0          0          0          0          0   _printf_lc.o
        10          0          0          0          0          0   _printf_ll.o
         6          0          0          0          0          0   _printf_lld.o
         6          0          0          0          0          0   _printf_lli.o
         6          0          0          0          0          0   _printf_llo.o
         6          0          0          0          0          0   _printf_llu.o
         6          0          0          0          0          0   _printf_llx.o
       124         16          0          0          0         92   _printf_longlong_dec.o
         6          0          0          0          0          0   _printf_ls.o
         6          0          0          0          0          0   _printf_n.o
         6          0          0          0          0          0   _printf_o.o
       112         10          0          0          0        124   _printf_oct_int_ll.o
         6          0          0          0          0          0   _printf_p.o
        78          0          0          0          0        108   _printf_pad.o
         0          0          0          0          0          0   _printf_percent.o
         4          0          0          0          0          0   _printf_percent_end.o
         6          0          0          0          0          0   _printf_s.o
        82          0          0          0          0         80   _printf_str.o
        36          0          0          0          0         84   _printf_truncate.o
         6          0          0          0          0          0   _printf_u.o
        44          0          0          0          0        108   _printf_wchar.o
       188          6          8          0          0         92   _printf_wctomb.o
         6          0          0          0          0          0   _printf_x.o
        22          0          0          0          0        100   _rserrno.o
        16          0          0          0          0         68   _snputc.o
        10          0          0          0          0         68   _sputc.o
        64          0          0          0          0         92   _wcrtomb.o
        16          0          0          0          0         68   aeabi_memset.o
       228          4        148          0          0         96   bigflt0.o
      1936        128          0          0          0        672   btod.o
        18          0          0          0          0         80   exit.o
         6          0          0          0          0        152   heapauxi.o
         0          0          0          0          0          0   indicate_semi.o
        44         10        272          0          0         76   lc_ctype_c.o
        44         10         28          0          0         76   lc_numeric_c.o
         2          0          0          0          0          0   libinit.o
        30          0          0          0          0          0   libinit2.o
         2          0          0          0          0          0   libshutdown.o
         2          0          0          0          0          0   libshutdown2.o
         8          4          0          0         96         68   libspace.o
       138          0          0          0          0         80   lludiv10.o
        16          4          0          0          0         76   rt_ctype_table.o
         8          4          0          0          0         68   rt_errno_addr_intlibspace.o
         8          4          0          0          0         68   rt_locale_intlibspace.o
        68          0          0          0          0         68   rt_memclr.o
        78          0          0          0          0         80   rt_memclr_w.o
       138          0          0          0          0         68   rt_memcpy_v6.o
       100          0          0          0          0         80   rt_memcpy_w.o
         2          0          0          0          0          0   rtexit.o
        10          0          0          0          0          0   rtexit2.o
       128          0          0          0          0         68   strcmpv7m.o
        12          4          0          0          0         68   sys_exit.o
        74          0          0          0          0         80   sys_stackheap_outer.o
         2          0          0          0          0         68   use_no_semi.o
        36          4          0          0          0         76   vsprintf.o
        98          4          0          0          0         92   d2f.o
       826         16          0          0          0        348   daddsub_clz.o
        16          4          0          0          0         68   dcheck1.o
        24          0          0          0          0         68   dcmpi.o
       688        140          0          0          0        208   ddiv.o
        84          0          0          0          0        136   dflt_clz.o
       120          4          0          0          0         92   dleqf.o
       340         12          0          0          0        104   dmul.o
       156          4          0          0          0         92   dnaninf.o
        12          0          0          0          0         68   dretinf.o
       108          0          0          0          0         80   drleqf.o
       460         56          0          0          0        120   dsqrt_noumaal.o
        86          4          0          0          0         84   f2d.o
       430          8          0          0          0        168   faddsub_clz.o
        12          4          0          0          0         68   fcheck1.o
       388         76          0          0          0         96   fdiv.o
        38          0          0          0          0         68   fflt_clz.o
       258          4          0          0          0         84   fmul.o
       140          4          0          0          0         84   fnaninf.o
        10          0          0          0          0         68   fretinf.o
         4          0          0          0          0         68   printf1.o
         4          0          0          0          0         68   printf2.o
       100          0          0          0          0         68   retnan.o
        92          0          0          0          0         68   scalbn.o
        76          0          0          0          0         68   scalbnf.o
        48          0          0          0          0         68   trapv.o
         0          0          0          0          0          0   usenofp.o
        62         10          0          0          0        340   dunder.o
        40          0          0          0          0         68   fpclassify.o
       170          0          0          0          0         96   poly.o
      2520        190        136          0          0        324   pow.o
         0          0          8          0          0          0   qnan.o
        76          0          0          0          0         84   sqrt.o

    ----------------------------------------------------------------------
     14752        822        700          0        100       8180   Library Totals
        30          0          5          0          4          0   (incl. Padding)

    ----------------------------------------------------------------------

      Code (inc. data)   RO Data    RW Data    ZI Data      Debug   Library Name

      7236        282        551          0         96       4664   c_w.l
      4618        340          0          0          0       2604   fz_ws.l
      2868        200        144          0          0        912   m_ws.l

    ----------------------------------------------------------------------
     14752        822        700          0        100       8180   Library Totals

    ----------------------------------------------------------------------

==============================================================================


      Code (inc. data)   RO Data    RW Data    ZI Data      Debug   

     36496       2740       2904        216      13800     771946   Grand Totals
     36496       2740       2904        216      13800     771946   ELF Image Totals
     36496       2740       2904        216          0          0   ROM Totals

==============================================================================

    Total RO  Size (Code + RO Data)                39400 (  38.48kB)
    Total RW  Size (RW Data + ZI Data)             14016 (  13.69kB)
    Total ROM Size (Code + RO Data + RW Data)      39616 (  38.69kB)

==============================================================================

